[3.931s] Invoking command in '/home/robot/minotaurobot_oleh_ws/src/shmove_pkg': PYTHONPATH=/home/robot/minotaurobot_oleh_ws/build/shmove_pkg/prefix_override:/usr/lib/python3/dist-packages/colcon_core/task/python/colcon_distutils_commands:/home/robot/minotaurobot_oleh_ws/install/shmove_pkg/lib/python3.12/site-packages:${PYTHONPATH} /usr/bin/python3 -W ignore:setup.py install is deprecated -W ignore:easy_install command is deprecated setup.py egg_info --egg-base ../../build/shmove_pkg build --build-base /home/robot/minotaurobot_oleh_ws/build/shmove_pkg/build install --record /home/robot/minotaurobot_oleh_ws/build/shmove_pkg/install.log --single-version-externally-managed install_data
[5.215s] running egg_info
[5.310s] writing ../../build/shmove_pkg/shmove_pkg.egg-info/PKG-INFO
[5.311s] writing dependency_links to ../../build/shmove_pkg/shmove_pkg.egg-info/dependency_links.txt
[5.314s] writing entry points to ../../build/shmove_pkg/shmove_pkg.egg-info/entry_points.txt
[5.315s] writing requirements to ../../build/shmove_pkg/shmove_pkg.egg-info/requires.txt
[5.316s] writing top-level names to ../../build/shmove_pkg/shmove_pkg.egg-info/top_level.txt
[5.512s] reading manifest file '../../build/shmove_pkg/shmove_pkg.egg-info/SOURCES.txt'
[5.516s] writing manifest file '../../build/shmove_pkg/shmove_pkg.egg-info/SOURCES.txt'
[5.516s] running build
[5.517s] running build_py
[5.518s] copying shmove_pkg/test2.py -> /home/robot/minotaurobot_oleh_ws/build/shmove_pkg/build/lib/shmove_pkg
[5.521s] running install
[5.545s] running install_lib
[5.643s] copying /home/robot/minotaurobot_oleh_ws/build/shmove_pkg/build/lib/shmove_pkg/test2.py -> /home/robot/minotaurobot_oleh_ws/install/shmove_pkg/lib/python3.12/site-packages/shmove_pkg
[5.648s] byte-compiling /home/robot/minotaurobot_oleh_ws/install/shmove_pkg/lib/python3.12/site-packages/shmove_pkg/test2.py to test2.cpython-312.pyc
[5.653s] running install_data
[5.653s] running install_egg_info
[5.756s] removing '/home/robot/minotaurobot_oleh_ws/install/shmove_pkg/lib/python3.12/site-packages/shmove_pkg-0.0.0-py3.12.egg-info' (and everything under it)
[5.758s] Copying ../../build/shmove_pkg/shmove_pkg.egg-info to /home/robot/minotaurobot_oleh_ws/install/shmove_pkg/lib/python3.12/site-packages/shmove_pkg-0.0.0-py3.12.egg-info
[5.767s] running install_scripts
[6.482s] Installing go_to_goal script to /home/robot/minotaurobot_oleh_ws/install/shmove_pkg/lib/shmove_pkg
[6.483s] Installing mover script to /home/robot/minotaurobot_oleh_ws/install/shmove_pkg/lib/shmove_pkg
[6.484s] Installing shmoving_algorithm_1 script to /home/robot/minotaurobot_oleh_ws/install/shmove_pkg/lib/shmove_pkg
[6.486s] Installing test script to /home/robot/minotaurobot_oleh_ws/install/shmove_pkg/lib/shmove_pkg
[6.487s] Installing test2 script to /home/robot/minotaurobot_oleh_ws/install/shmove_pkg/lib/shmove_pkg
[6.488s] Installing wall_follower script to /home/robot/minotaurobot_oleh_ws/install/shmove_pkg/lib/shmove_pkg
[6.489s] Installing wall_shmover script to /home/robot/minotaurobot_oleh_ws/install/shmove_pkg/lib/shmove_pkg
[6.512s] writing list of installed files to '/home/robot/minotaurobot_oleh_ws/build/shmove_pkg/install.log'
[6.654s] Invoked command in '/home/robot/minotaurobot_oleh_ws/src/shmove_pkg' returned '0': PYTHONPATH=/home/robot/minotaurobot_oleh_ws/build/shmove_pkg/prefix_override:/usr/lib/python3/dist-packages/colcon_core/task/python/colcon_distutils_commands:/home/robot/minotaurobot_oleh_ws/install/shmove_pkg/lib/python3.12/site-packages:${PYTHONPATH} /usr/bin/python3 -W ignore:setup.py install is deprecated -W ignore:easy_install command is deprecated setup.py egg_info --egg-base ../../build/shmove_pkg build --build-base /home/robot/minotaurobot_oleh_ws/build/shmove_pkg/build install --record /home/robot/minotaurobot_oleh_ws/build/shmove_pkg/install.log --single-version-externally-managed install_data
