[3.909s] Invoking command in '/home/robot/hermann_ws/src/odometry_ir_reader': PYTHONPATH=/home/robot/hermann_ws/build/odometry_ir_reader/prefix_override:/usr/lib/python3/dist-packages/colcon_core/task/python/colcon_distutils_commands:/home/robot/hermann_ws/install/odometry_ir_reader/lib/python3.12/site-packages:${PYTHONPATH} /usr/bin/python3 -W ignore:setup.py install is deprecated -W ignore:easy_install command is deprecated setup.py egg_info --egg-base ../../build/odometry_ir_reader build --build-base /home/robot/hermann_ws/build/odometry_ir_reader/build install --record /home/robot/hermann_ws/build/odometry_ir_reader/install.log --single-version-externally-managed install_data
[5.170s] running egg_info
[5.171s] creating ../../build/odometry_ir_reader/odometry_ir_reader.egg-info
[5.265s] writing ../../build/odometry_ir_reader/odometry_ir_reader.egg-info/PKG-INFO
[5.266s] writing dependency_links to ../../build/odometry_ir_reader/odometry_ir_reader.egg-info/dependency_links.txt
[5.268s] writing entry points to ../../build/odometry_ir_reader/odometry_ir_reader.egg-info/entry_points.txt
[5.269s] writing requirements to ../../build/odometry_ir_reader/odometry_ir_reader.egg-info/requires.txt
[5.270s] writing top-level names to ../../build/odometry_ir_reader/odometry_ir_reader.egg-info/top_level.txt
[5.271s] writing manifest file '../../build/odometry_ir_reader/odometry_ir_reader.egg-info/SOURCES.txt'
[5.460s] reading manifest file '../../build/odometry_ir_reader/odometry_ir_reader.egg-info/SOURCES.txt'
[5.463s] writing manifest file '../../build/odometry_ir_reader/odometry_ir_reader.egg-info/SOURCES.txt'
[5.464s] running build
[5.464s] running build_py
[5.465s] creating /home/robot/hermann_ws/build/odometry_ir_reader/build
[5.466s] creating /home/robot/hermann_ws/build/odometry_ir_reader/build/lib
[5.466s] creating /home/robot/hermann_ws/build/odometry_ir_reader/build/lib/odometry_ir_reader
[5.467s] copying odometry_ir_reader/__init__.py -> /home/robot/hermann_ws/build/odometry_ir_reader/build/lib/odometry_ir_reader
[5.467s] copying odometry_ir_reader/odometry_ir_subscriber.py -> /home/robot/hermann_ws/build/odometry_ir_reader/build/lib/odometry_ir_reader
[5.468s] running install
[5.492s] running install_lib
[5.584s] creating /home/robot/hermann_ws/install/odometry_ir_reader/lib/python3.12/site-packages/odometry_ir_reader
[5.584s] copying /home/robot/hermann_ws/build/odometry_ir_reader/build/lib/odometry_ir_reader/__init__.py -> /home/robot/hermann_ws/install/odometry_ir_reader/lib/python3.12/site-packages/odometry_ir_reader
[5.585s] copying /home/robot/hermann_ws/build/odometry_ir_reader/build/lib/odometry_ir_reader/odometry_ir_subscriber.py -> /home/robot/hermann_ws/install/odometry_ir_reader/lib/python3.12/site-packages/odometry_ir_reader
[5.588s] byte-compiling /home/robot/hermann_ws/install/odometry_ir_reader/lib/python3.12/site-packages/odometry_ir_reader/__init__.py to __init__.cpython-312.pyc
[5.589s] byte-compiling /home/robot/hermann_ws/install/odometry_ir_reader/lib/python3.12/site-packages/odometry_ir_reader/odometry_ir_subscriber.py to odometry_ir_subscriber.cpython-312.pyc
[5.591s] Sorry: IndentationError: expected an indented block after function definition on line 18 (odometry_ir_subscriber.py, line 19)
[5.592s] running install_data
[5.593s] creating /home/robot/hermann_ws/install/odometry_ir_reader/share/ament_index
[5.593s] creating /home/robot/hermann_ws/install/odometry_ir_reader/share/ament_index/resource_index
[5.594s] creating /home/robot/hermann_ws/install/odometry_ir_reader/share/ament_index/resource_index/packages
[5.594s] copying resource/odometry_ir_reader -> /home/robot/hermann_ws/install/odometry_ir_reader/share/ament_index/resource_index/packages
[5.595s] copying package.xml -> /home/robot/hermann_ws/install/odometry_ir_reader/share/odometry_ir_reader
[5.595s] running install_egg_info
[5.696s] Copying ../../build/odometry_ir_reader/odometry_ir_reader.egg-info to /home/robot/hermann_ws/install/odometry_ir_reader/lib/python3.12/site-packages/odometry_ir_reader-0.0.0-py3.12.egg-info
[5.702s] running install_scripts
[6.398s] Installing odometry_ir_subscriber script to /home/robot/hermann_ws/install/odometry_ir_reader/lib/odometry_ir_reader
[6.399s] writing list of installed files to '/home/robot/hermann_ws/build/odometry_ir_reader/install.log'
[6.541s] Invoked command in '/home/robot/hermann_ws/src/odometry_ir_reader' returned '0': PYTHONPATH=/home/robot/hermann_ws/build/odometry_ir_reader/prefix_override:/usr/lib/python3/dist-packages/colcon_core/task/python/colcon_distutils_commands:/home/robot/hermann_ws/install/odometry_ir_reader/lib/python3.12/site-packages:${PYTHONPATH} /usr/bin/python3 -W ignore:setup.py install is deprecated -W ignore:easy_install command is deprecated setup.py egg_info --egg-base ../../build/odometry_ir_reader build --build-base /home/robot/hermann_ws/build/odometry_ir_reader/build install --record /home/robot/hermann_ws/build/odometry_ir_reader/install.log --single-version-externally-managed install_data
