[3.829s] Invoking command in '/home/robot/minotaurobot_oleh_ws/src/shmove_pkg': PYTHONPATH=/home/robot/minotaurobot_oleh_ws/build/shmove_pkg/prefix_override:/usr/lib/python3/dist-packages/colcon_core/task/python/colcon_distutils_commands:/home/robot/minotaurobot_oleh_ws/install/shmove_pkg/lib/python3.12/site-packages:${PYTHONPATH} /usr/bin/python3 -W ignore:setup.py install is deprecated -W ignore:easy_install command is deprecated setup.py egg_info --egg-base ../../build/shmove_pkg build --build-base /home/robot/minotaurobot_oleh_ws/build/shmove_pkg/build install --record /home/robot/minotaurobot_oleh_ws/build/shmove_pkg/install.log --single-version-externally-managed install_data
[5.056s] running egg_info
[5.147s] writing ../../build/shmove_pkg/shmove_pkg.egg-info/PKG-INFO
[5.148s] writing dependency_links to ../../build/shmove_pkg/shmove_pkg.egg-info/dependency_links.txt
[5.151s] writing entry points to ../../build/shmove_pkg/shmove_pkg.egg-info/entry_points.txt
[5.152s] writing requirements to ../../build/shmove_pkg/shmove_pkg.egg-info/requires.txt
[5.153s] writing top-level names to ../../build/shmove_pkg/shmove_pkg.egg-info/top_level.txt
[5.341s] reading manifest file '../../build/shmove_pkg/shmove_pkg.egg-info/SOURCES.txt'
[5.345s] writing manifest file '../../build/shmove_pkg/shmove_pkg.egg-info/SOURCES.txt'
[5.345s] running build
[5.346s] running build_py
[5.347s] copying shmove_pkg/code.py -> /home/robot/minotaurobot_oleh_ws/build/shmove_pkg/build/lib/shmove_pkg
[5.348s] running install
[5.372s] running install_lib
[5.464s] copying /home/robot/minotaurobot_oleh_ws/build/shmove_pkg/build/lib/shmove_pkg/code.py -> /home/robot/minotaurobot_oleh_ws/install/shmove_pkg/lib/python3.12/site-packages/shmove_pkg
[5.466s] byte-compiling /home/robot/minotaurobot_oleh_ws/install/shmove_pkg/lib/python3.12/site-packages/shmove_pkg/code.py to code.cpython-312.pyc
[5.469s] running install_data
[5.470s] running install_egg_info
[5.564s] removing '/home/robot/minotaurobot_oleh_ws/install/shmove_pkg/lib/python3.12/site-packages/shmove_pkg-0.0.0-py3.12.egg-info' (and everything under it)
[5.566s] Copying ../../build/shmove_pkg/shmove_pkg.egg-info to /home/robot/minotaurobot_oleh_ws/install/shmove_pkg/lib/python3.12/site-packages/shmove_pkg-0.0.0-py3.12.egg-info
[5.572s] running install_scripts
[6.249s] Installing code script to /home/robot/minotaurobot_oleh_ws/install/shmove_pkg/lib/shmove_pkg
[6.251s] writing list of installed files to '/home/robot/minotaurobot_oleh_ws/build/shmove_pkg/install.log'
[6.394s] Invoked command in '/home/robot/minotaurobot_oleh_ws/src/shmove_pkg' returned '0': PYTHONPATH=/home/robot/minotaurobot_oleh_ws/build/shmove_pkg/prefix_override:/usr/lib/python3/dist-packages/colcon_core/task/python/colcon_distutils_commands:/home/robot/minotaurobot_oleh_ws/install/shmove_pkg/lib/python3.12/site-packages:${PYTHONPATH} /usr/bin/python3 -W ignore:setup.py install is deprecated -W ignore:easy_install command is deprecated setup.py egg_info --egg-base ../../build/shmove_pkg build --build-base /home/robot/minotaurobot_oleh_ws/build/shmove_pkg/build install --record /home/robot/minotaurobot_oleh_ws/build/shmove_pkg/install.log --single-version-externally-managed install_data
