running egg_info
writing ../../build/shmove_pkg/shmove_pkg.egg-info/PKG-INFO
writing dependency_links to ../../build/shmove_pkg/shmove_pkg.egg-info/dependency_links.txt
writing entry points to ../../build/shmove_pkg/shmove_pkg.egg-info/entry_points.txt
writing requirements to ../../build/shmove_pkg/shmove_pkg.egg-info/requires.txt
writing top-level names to ../../build/shmove_pkg/shmove_pkg.egg-info/top_level.txt
reading manifest file '../../build/shmove_pkg/shmove_pkg.egg-info/SOURCES.txt'
writing manifest file '../../build/shmove_pkg/shmove_pkg.egg-info/SOURCES.txt'
running build
running build_py
copying shmove_pkg/wall_shmover.py -> /home/robot/minotaurobot_oleh_ws/build/shmove_pkg/build/lib/shmove_pkg
running install
running install_lib
copying /home/robot/minotaurobot_oleh_ws/build/shmove_pkg/build/lib/shmove_pkg/wall_shmover.py -> /home/robot/minotaurobot_oleh_ws/install/shmove_pkg/lib/python3.12/site-packages/shmove_pkg
byte-compiling /home/robot/minotaurobot_oleh_ws/install/shmove_pkg/lib/python3.12/site-packages/shmove_pkg/wall_shmover.py to wall_shmover.cpython-312.pyc
  File "/home/robot/minotaurobot_oleh_ws/install/shmove_pkg/lib/python3.12/site-packages/shmove_pkg/wall_shmover.py", line 7
    super().__init__(self):
                          ^
SyntaxError: invalid syntax

running install_data
running install_egg_info
removing '/home/robot/minotaurobot_oleh_ws/install/shmove_pkg/lib/python3.12/site-packages/shmove_pkg-0.0.0-py3.12.egg-info' (and everything under it)
Copying ../../build/shmove_pkg/shmove_pkg.egg-info to /home/robot/minotaurobot_oleh_ws/install/shmove_pkg/lib/python3.12/site-packages/shmove_pkg-0.0.0-py3.12.egg-info
running install_scripts
Installing go_to_goal script to /home/robot/minotaurobot_oleh_ws/install/shmove_pkg/lib/shmove_pkg
Installing shmoving_algorithm_1 script to /home/robot/minotaurobot_oleh_ws/install/shmove_pkg/lib/shmove_pkg
Installing test script to /home/robot/minotaurobot_oleh_ws/install/shmove_pkg/lib/shmove_pkg
Installing wall_follower script to /home/robot/minotaurobot_oleh_ws/install/shmove_pkg/lib/shmove_pkg
Installing wall_shmover script to /home/robot/minotaurobot_oleh_ws/install/shmove_pkg/lib/shmove_pkg
writing list of installed files to '/home/robot/minotaurobot_oleh_ws/build/shmove_pkg/install.log'
