[0.505s] DEBUG:colcon:Command line arguments: ['/usr/bin/colcon', 'build']
[0.505s] DEBUG:colcon:Parsed command line arguments: Namespace(log_base=None, log_level=None, verb_name='build', build_base='build', install_base='install', merge_install=False, symlink_install=False, test_result_base=None, continue_on_error=False, executor='parallel', parallel_workers=4, event_handlers=None, ignore_user_meta=False, metas=['./colcon.meta'], base_paths=['.'], packages_ignore=None, packages_ignore_regex=None, paths=None, packages_up_to=None, packages_up_to_regex=None, packages_above=None, packages_above_and_dependencies=None, packages_above_depth=None, packages_select_by_dep=None, packages_skip_by_dep=None, packages_skip_up_to=None, packages_select_build_failed=False, packages_skip_build_finished=False, packages_select_test_failures=False, packages_skip_test_passed=False, packages_select=None, packages_skip=None, packages_select_regex=None, packages_skip_regex=None, packages_start=None, packages_end=None, allow_overriding=[], cmake_args=None, cmake_target=None, cmake_target_skip_unavailable=False, cmake_clean_cache=False, cmake_clean_first=False, cmake_force_configure=False, ament_cmake_args=None, catkin_cmake_args=None, catkin_skip_building_tests=False, mixin_files=None, mixin=None, verb_parser=<colcon_mixin.mixin.mixin_argument.MixinArgumentDecorator object at 0xffffbd0c7320>, verb_extension=<colcon_core.verb.build.BuildVerb object at 0xffffbd283920>, main=<bound method BuildVerb.main of <colcon_core.verb.build.BuildVerb object at 0xffffbd283920>>, mixin_verb=('build',))
[0.680s] Level 1:colcon.colcon_core.package_discovery:discover_packages(colcon_meta) check parameters
[0.681s] Level 1:colcon.colcon_core.package_discovery:discover_packages(recursive) check parameters
[0.681s] Level 1:colcon.colcon_core.package_discovery:discover_packages(ignore) check parameters
[0.681s] Level 1:colcon.colcon_core.package_discovery:discover_packages(path) check parameters
[0.681s] Level 1:colcon.colcon_core.package_discovery:discover_packages(colcon_meta) discover
[0.682s] Level 1:colcon.colcon_core.package_discovery:discover_packages(recursive) discover
[0.682s] INFO:colcon.colcon_core.package_discovery:Crawling recursively for packages in '/home/robot/hermann_ws'
[0.683s] Level 1:colcon.colcon_core.package_identification:_identify(.) by extensions ['ignore', 'ignore_ament_install']
[0.683s] Level 1:colcon.colcon_core.package_identification:_identify(.) by extension 'ignore'
[0.683s] Level 1:colcon.colcon_core.package_identification:_identify(.) by extension 'ignore_ament_install'
[0.684s] Level 1:colcon.colcon_core.package_identification:_identify(.) by extensions ['colcon_pkg']
[0.684s] Level 1:colcon.colcon_core.package_identification:_identify(.) by extension 'colcon_pkg'
[0.684s] Level 1:colcon.colcon_core.package_identification:_identify(.) by extensions ['colcon_meta']
[0.685s] Level 1:colcon.colcon_core.package_identification:_identify(.) by extension 'colcon_meta'
[0.685s] Level 1:colcon.colcon_core.package_identification:_identify(.) by extensions ['ros']
[0.685s] Level 1:colcon.colcon_core.package_identification:_identify(.) by extension 'ros'
[0.800s] Level 1:colcon.colcon_core.package_identification:_identify(.) by extensions ['cmake', 'python']
[0.800s] Level 1:colcon.colcon_core.package_identification:_identify(.) by extension 'cmake'
[0.800s] Level 1:colcon.colcon_core.package_identification:_identify(.) by extension 'python'
[0.800s] Level 1:colcon.colcon_core.package_identification:_identify(.) by extensions ['python_setup_py']
[0.800s] Level 1:colcon.colcon_core.package_identification:_identify(.) by extension 'python_setup_py'
[0.801s] Level 1:colcon.colcon_core.package_identification:_identify(build) by extensions ['ignore', 'ignore_ament_install']
[0.801s] Level 1:colcon.colcon_core.package_identification:_identify(build) by extension 'ignore'
[0.802s] Level 1:colcon.colcon_core.package_identification:_identify(build) ignored
[0.802s] Level 1:colcon.colcon_core.package_identification:_identify(images) by extensions ['ignore', 'ignore_ament_install']
[0.802s] Level 1:colcon.colcon_core.package_identification:_identify(images) by extension 'ignore'
[0.803s] Level 1:colcon.colcon_core.package_identification:_identify(images) by extension 'ignore_ament_install'
[0.803s] Level 1:colcon.colcon_core.package_identification:_identify(images) by extensions ['colcon_pkg']
[0.803s] Level 1:colcon.colcon_core.package_identification:_identify(images) by extension 'colcon_pkg'
[0.803s] Level 1:colcon.colcon_core.package_identification:_identify(images) by extensions ['colcon_meta']
[0.803s] Level 1:colcon.colcon_core.package_identification:_identify(images) by extension 'colcon_meta'
[0.804s] Level 1:colcon.colcon_core.package_identification:_identify(images) by extensions ['ros']
[0.804s] Level 1:colcon.colcon_core.package_identification:_identify(images) by extension 'ros'
[0.804s] Level 1:colcon.colcon_core.package_identification:_identify(images) by extensions ['cmake', 'python']
[0.804s] Level 1:colcon.colcon_core.package_identification:_identify(images) by extension 'cmake'
[0.804s] Level 1:colcon.colcon_core.package_identification:_identify(images) by extension 'python'
[0.805s] Level 1:colcon.colcon_core.package_identification:_identify(images) by extensions ['python_setup_py']
[0.805s] Level 1:colcon.colcon_core.package_identification:_identify(images) by extension 'python_setup_py'
[0.805s] Level 1:colcon.colcon_core.package_identification:_identify(install) by extensions ['ignore', 'ignore_ament_install']
[0.805s] Level 1:colcon.colcon_core.package_identification:_identify(install) by extension 'ignore'
[0.806s] Level 1:colcon.colcon_core.package_identification:_identify(install) ignored
[0.806s] Level 1:colcon.colcon_core.package_identification:_identify(log) by extensions ['ignore', 'ignore_ament_install']
[0.806s] Level 1:colcon.colcon_core.package_identification:_identify(log) by extension 'ignore'
[0.807s] Level 1:colcon.colcon_core.package_identification:_identify(log) ignored
[0.807s] Level 1:colcon.colcon_core.package_identification:_identify(src) by extensions ['ignore', 'ignore_ament_install']
[0.807s] Level 1:colcon.colcon_core.package_identification:_identify(src) by extension 'ignore'
[0.808s] Level 1:colcon.colcon_core.package_identification:_identify(src) by extension 'ignore_ament_install'
[0.808s] Level 1:colcon.colcon_core.package_identification:_identify(src) by extensions ['colcon_pkg']
[0.808s] Level 1:colcon.colcon_core.package_identification:_identify(src) by extension 'colcon_pkg'
[0.808s] Level 1:colcon.colcon_core.package_identification:_identify(src) by extensions ['colcon_meta']
[0.808s] Level 1:colcon.colcon_core.package_identification:_identify(src) by extension 'colcon_meta'
[0.808s] Level 1:colcon.colcon_core.package_identification:_identify(src) by extensions ['ros']
[0.809s] Level 1:colcon.colcon_core.package_identification:_identify(src) by extension 'ros'
[0.809s] Level 1:colcon.colcon_core.package_identification:_identify(src) by extensions ['cmake', 'python']
[0.809s] Level 1:colcon.colcon_core.package_identification:_identify(src) by extension 'cmake'
[0.809s] Level 1:colcon.colcon_core.package_identification:_identify(src) by extension 'python'
[0.809s] Level 1:colcon.colcon_core.package_identification:_identify(src) by extensions ['python_setup_py']
[0.810s] Level 1:colcon.colcon_core.package_identification:_identify(src) by extension 'python_setup_py'
[0.810s] Level 1:colcon.colcon_core.package_identification:_identify(src/odometry_ir_reader) by extensions ['ignore', 'ignore_ament_install']
[0.810s] Level 1:colcon.colcon_core.package_identification:_identify(src/odometry_ir_reader) by extension 'ignore'
[0.811s] Level 1:colcon.colcon_core.package_identification:_identify(src/odometry_ir_reader) by extension 'ignore_ament_install'
[0.811s] Level 1:colcon.colcon_core.package_identification:_identify(src/odometry_ir_reader) by extensions ['colcon_pkg']
[0.811s] Level 1:colcon.colcon_core.package_identification:_identify(src/odometry_ir_reader) by extension 'colcon_pkg'
[0.811s] Level 1:colcon.colcon_core.package_identification:_identify(src/odometry_ir_reader) by extensions ['colcon_meta']
[0.812s] Level 1:colcon.colcon_core.package_identification:_identify(src/odometry_ir_reader) by extension 'colcon_meta'
[0.812s] Level 1:colcon.colcon_core.package_identification:_identify(src/odometry_ir_reader) by extensions ['ros']
[0.812s] Level 1:colcon.colcon_core.package_identification:_identify(src/odometry_ir_reader) by extension 'ros'
[0.820s] DEBUG:colcon.colcon_core.package_identification:Package 'src/odometry_ir_reader' with type 'ros.ament_python' and name 'odometry_ir_reader'
[0.821s] Level 1:colcon.colcon_core.package_discovery:discover_packages(recursive) using defaults
[0.821s] Level 1:colcon.colcon_core.package_discovery:discover_packages(ignore) discover
[0.821s] Level 1:colcon.colcon_core.package_discovery:discover_packages(ignore) using defaults
[0.821s] Level 1:colcon.colcon_core.package_discovery:discover_packages(path) discover
[0.821s] Level 1:colcon.colcon_core.package_discovery:discover_packages(path) using defaults
[0.894s] Level 1:colcon.colcon_core.package_discovery:discover_packages(prefix_path) check parameters
[0.894s] Level 1:colcon.colcon_core.package_discovery:discover_packages(prefix_path) discover
[0.903s] DEBUG:colcon.colcon_installed_package_information.package_discovery:Found 1 installed packages in /home/robot/hermann_ws/install
[0.905s] DEBUG:colcon.colcon_installed_package_information.package_discovery:Found 1 installed packages in /home/robot/ros2_ws/install
[0.908s] DEBUG:colcon.colcon_installed_package_information.package_discovery:Found 6 installed packages in /home/robot/create3_examples_ws/install
[0.919s] DEBUG:colcon.colcon_installed_package_information.package_discovery:Found 297 installed packages in /opt/ros/jazzy
[0.926s] Level 1:colcon.colcon_core.package_discovery:discover_packages(prefix_path) using defaults
[1.128s] Level 5:colcon.colcon_core.verb:set package 'odometry_ir_reader' build argument 'cmake_args' from command line to 'None'
[1.128s] Level 5:colcon.colcon_core.verb:set package 'odometry_ir_reader' build argument 'cmake_target' from command line to 'None'
[1.128s] Level 5:colcon.colcon_core.verb:set package 'odometry_ir_reader' build argument 'cmake_target_skip_unavailable' from command line to 'False'
[1.128s] Level 5:colcon.colcon_core.verb:set package 'odometry_ir_reader' build argument 'cmake_clean_cache' from command line to 'False'
[1.128s] Level 5:colcon.colcon_core.verb:set package 'odometry_ir_reader' build argument 'cmake_clean_first' from command line to 'False'
[1.129s] Level 5:colcon.colcon_core.verb:set package 'odometry_ir_reader' build argument 'cmake_force_configure' from command line to 'False'
[1.129s] Level 5:colcon.colcon_core.verb:set package 'odometry_ir_reader' build argument 'ament_cmake_args' from command line to 'None'
[1.129s] Level 5:colcon.colcon_core.verb:set package 'odometry_ir_reader' build argument 'catkin_cmake_args' from command line to 'None'
[1.129s] Level 5:colcon.colcon_core.verb:set package 'odometry_ir_reader' build argument 'catkin_skip_building_tests' from command line to 'False'
[1.129s] DEBUG:colcon.colcon_core.verb:Building package 'odometry_ir_reader' with the following arguments: {'ament_cmake_args': None, 'build_base': '/home/robot/hermann_ws/build/odometry_ir_reader', 'catkin_cmake_args': None, 'catkin_skip_building_tests': False, 'cmake_args': None, 'cmake_clean_cache': False, 'cmake_clean_first': False, 'cmake_force_configure': False, 'cmake_target': None, 'cmake_target_skip_unavailable': False, 'install_base': '/home/robot/hermann_ws/install/odometry_ir_reader', 'merge_install': False, 'path': '/home/robot/hermann_ws/src/odometry_ir_reader', 'symlink_install': False, 'test_result_base': None}
[1.130s] INFO:colcon.colcon_core.executor:Executing jobs using 'parallel' executor
[1.133s] DEBUG:colcon.colcon_parallel_executor.executor.parallel:run_until_complete
[1.134s] INFO:colcon.colcon_ros.task.ament_python.build:Building ROS package in '/home/robot/hermann_ws/src/odometry_ir_reader' with build type 'ament_python'
[1.134s] Level 1:colcon.colcon_core.shell:create_environment_hook('odometry_ir_reader', 'ament_prefix_path')
[1.143s] INFO:colcon.colcon_core.plugin_system:Skipping extension 'colcon_core.shell.bat': Not used on non-Windows systems
[1.144s] INFO:colcon.colcon_core.shell:Creating environment hook '/home/robot/hermann_ws/install/odometry_ir_reader/share/odometry_ir_reader/hook/ament_prefix_path.ps1'
[1.147s] INFO:colcon.colcon_core.shell:Creating environment descriptor '/home/robot/hermann_ws/install/odometry_ir_reader/share/odometry_ir_reader/hook/ament_prefix_path.dsv'
[1.181s] INFO:colcon.colcon_core.shell:Creating environment hook '/home/robot/hermann_ws/install/odometry_ir_reader/share/odometry_ir_reader/hook/ament_prefix_path.sh'
[1.186s] INFO:colcon.colcon_core.shell:Skip shell extension 'powershell' for command environment: Not usable outside of PowerShell
[1.187s] DEBUG:colcon.colcon_core.shell:Skip shell extension 'dsv' for command environment
[2.217s] INFO:colcon.colcon_core.task.python.build:Building Python package in '/home/robot/hermann_ws/src/odometry_ir_reader'
[2.218s] INFO:colcon.colcon_core.shell:Skip shell extension 'powershell' for command environment: Not usable outside of PowerShell
[2.218s] DEBUG:colcon.colcon_core.shell:Skip shell extension 'dsv' for command environment
[5.099s] DEBUG:colcon.colcon_core.event_handler.log_command:Invoking command in '/home/robot/hermann_ws/src/odometry_ir_reader': PYTHONPATH=/home/robot/hermann_ws/build/odometry_ir_reader/prefix_override:/usr/lib/python3/dist-packages/colcon_core/task/python/colcon_distutils_commands:/home/robot/hermann_ws/install/odometry_ir_reader/lib/python3.12/site-packages:${PYTHONPATH} /usr/bin/python3 -W ignore:setup.py install is deprecated -W ignore:easy_install command is deprecated setup.py egg_info --egg-base ../../build/odometry_ir_reader build --build-base /home/robot/hermann_ws/build/odometry_ir_reader/build install --record /home/robot/hermann_ws/build/odometry_ir_reader/install.log --single-version-externally-managed install_data
[7.752s] DEBUG:colcon.colcon_core.event_handler.log_command:Invoked command in '/home/robot/hermann_ws/src/odometry_ir_reader' returned '0': PYTHONPATH=/home/robot/hermann_ws/build/odometry_ir_reader/prefix_override:/usr/lib/python3/dist-packages/colcon_core/task/python/colcon_distutils_commands:/home/robot/hermann_ws/install/odometry_ir_reader/lib/python3.12/site-packages:${PYTHONPATH} /usr/bin/python3 -W ignore:setup.py install is deprecated -W ignore:easy_install command is deprecated setup.py egg_info --egg-base ../../build/odometry_ir_reader build --build-base /home/robot/hermann_ws/build/odometry_ir_reader/build install --record /home/robot/hermann_ws/build/odometry_ir_reader/install.log --single-version-externally-managed install_data
[7.763s] Level 1:colcon.colcon_core.environment:checking '/home/robot/hermann_ws/install/odometry_ir_reader' for CMake module files
[7.766s] Level 1:colcon.colcon_core.environment:checking '/home/robot/hermann_ws/install/odometry_ir_reader' for CMake config files
[7.769s] Level 1:colcon.colcon_core.environment:checking '/home/robot/hermann_ws/install/odometry_ir_reader/lib'
[7.770s] Level 1:colcon.colcon_core.environment:checking '/home/robot/hermann_ws/install/odometry_ir_reader/bin'
[7.770s] Level 1:colcon.colcon_core.environment:checking '/home/robot/hermann_ws/install/odometry_ir_reader/lib/pkgconfig/odometry_ir_reader.pc'
[7.771s] Level 1:colcon.colcon_core.environment:checking '/home/robot/hermann_ws/install/odometry_ir_reader/lib/python3.12/site-packages'
[7.772s] Level 1:colcon.colcon_core.shell:create_environment_hook('odometry_ir_reader', 'pythonpath')
[7.773s] INFO:colcon.colcon_core.shell:Creating environment hook '/home/robot/hermann_ws/install/odometry_ir_reader/share/odometry_ir_reader/hook/pythonpath.ps1'
[7.775s] INFO:colcon.colcon_core.shell:Creating environment descriptor '/home/robot/hermann_ws/install/odometry_ir_reader/share/odometry_ir_reader/hook/pythonpath.dsv'
[7.808s] INFO:colcon.colcon_core.shell:Creating environment hook '/home/robot/hermann_ws/install/odometry_ir_reader/share/odometry_ir_reader/hook/pythonpath.sh'
[7.816s] Level 1:colcon.colcon_core.environment:checking '/home/robot/hermann_ws/install/odometry_ir_reader/bin'
[7.817s] Level 1:colcon.colcon_core.environment:create_environment_scripts_only(odometry_ir_reader)
[7.819s] INFO:colcon.colcon_core.shell:Creating package script '/home/robot/hermann_ws/install/odometry_ir_reader/share/odometry_ir_reader/package.ps1'
[7.823s] INFO:colcon.colcon_core.shell:Creating package descriptor '/home/robot/hermann_ws/install/odometry_ir_reader/share/odometry_ir_reader/package.dsv'
[7.826s] INFO:colcon.colcon_core.shell:Creating package script '/home/robot/hermann_ws/install/odometry_ir_reader/share/odometry_ir_reader/package.sh'
[7.830s] INFO:colcon.colcon_core.shell:Creating package script '/home/robot/hermann_ws/install/odometry_ir_reader/share/odometry_ir_reader/package.bash'
[7.833s] INFO:colcon.colcon_core.shell:Creating package script '/home/robot/hermann_ws/install/odometry_ir_reader/share/odometry_ir_reader/package.zsh'
[7.836s] Level 1:colcon.colcon_core.environment:create_file_with_runtime_dependencies(/home/robot/hermann_ws/install/odometry_ir_reader/share/colcon-core/packages/odometry_ir_reader)
[7.837s] DEBUG:colcon.colcon_parallel_executor.executor.parallel:closing loop
[7.839s] DEBUG:colcon.colcon_parallel_executor.executor.parallel:loop closed
[7.839s] DEBUG:colcon.colcon_parallel_executor.executor.parallel:run_until_complete finished with '0'
[7.839s] DEBUG:colcon.colcon_core.event_reactor:joining thread
[7.842s] DEBUG:colcon.colcon_core.event_reactor:joined thread
[7.843s] INFO:colcon.colcon_core.shell:Creating prefix script '/home/robot/hermann_ws/install/local_setup.ps1'
[7.846s] INFO:colcon.colcon_core.shell:Creating prefix util module '/home/robot/hermann_ws/install/_local_setup_util_ps1.py'
[7.852s] INFO:colcon.colcon_core.shell:Creating prefix chain script '/home/robot/hermann_ws/install/setup.ps1'
[7.860s] INFO:colcon.colcon_core.shell:Creating prefix script '/home/robot/hermann_ws/install/local_setup.sh'
[7.864s] INFO:colcon.colcon_core.shell:Creating prefix util module '/home/robot/hermann_ws/install/_local_setup_util_sh.py'
[7.891s] INFO:colcon.colcon_core.shell:Creating prefix chain script '/home/robot/hermann_ws/install/setup.sh'
[7.897s] INFO:colcon.colcon_core.shell:Creating prefix script '/home/robot/hermann_ws/install/local_setup.bash'
[7.899s] INFO:colcon.colcon_core.shell:Creating prefix chain script '/home/robot/hermann_ws/install/setup.bash'
[7.906s] INFO:colcon.colcon_core.shell:Creating prefix script '/home/robot/hermann_ws/install/local_setup.zsh'
[7.909s] INFO:colcon.colcon_core.shell:Creating prefix chain script '/home/robot/hermann_ws/install/setup.zsh'
