[0.537s] DEBUG:colcon:Command line arguments: ['/usr/bin/colcon', 'build']
[0.538s] DEBUG:colcon:Parsed command line arguments: Namespace(log_base=None, log_level=None, verb_name='build', build_base='build', install_base='install', merge_install=False, symlink_install=False, test_result_base=None, continue_on_error=False, executor='parallel', parallel_workers=4, event_handlers=None, ignore_user_meta=False, metas=['./colcon.meta'], base_paths=['.'], packages_ignore=None, packages_ignore_regex=None, paths=None, packages_up_to=None, packages_up_to_regex=None, packages_above=None, packages_above_and_dependencies=None, packages_above_depth=None, packages_select_by_dep=None, packages_skip_by_dep=None, packages_skip_up_to=None, packages_select_build_failed=False, packages_skip_build_finished=False, packages_select_test_failures=False, packages_skip_test_passed=False, packages_select=None, packages_skip=None, packages_select_regex=None, packages_skip_regex=None, packages_start=None, packages_end=None, allow_overriding=[], cmake_args=None, cmake_target=None, cmake_target_skip_unavailable=False, cmake_clean_cache=False, cmake_clean_first=False, cmake_force_configure=False, ament_cmake_args=None, catkin_cmake_args=None, catkin_skip_building_tests=False, mixin_files=None, mixin=None, verb_parser=<colcon_mixin.mixin.mixin_argument.MixinArgumentDecorator object at 0xffff9d6f30e0>, verb_extension=<colcon_core.verb.build.BuildVerb object at 0xffff9d8af7a0>, main=<bound method BuildVerb.main of <colcon_core.verb.build.BuildVerb object at 0xffff9d8af7a0>>, mixin_verb=('build',))
[0.729s] Level 1:colcon.colcon_core.package_discovery:discover_packages(colcon_meta) check parameters
[0.729s] Level 1:colcon.colcon_core.package_discovery:discover_packages(recursive) check parameters
[0.730s] Level 1:colcon.colcon_core.package_discovery:discover_packages(ignore) check parameters
[0.730s] Level 1:colcon.colcon_core.package_discovery:discover_packages(path) check parameters
[0.730s] Level 1:colcon.colcon_core.package_discovery:discover_packages(colcon_meta) discover
[0.730s] Level 1:colcon.colcon_core.package_discovery:discover_packages(recursive) discover
[0.730s] INFO:colcon.colcon_core.package_discovery:Crawling recursively for packages in '/home/robot/hermann_ws'
[0.731s] Level 1:colcon.colcon_core.package_identification:_identify(.) by extensions ['ignore', 'ignore_ament_install']
[0.731s] Level 1:colcon.colcon_core.package_identification:_identify(.) by extension 'ignore'
[0.732s] Level 1:colcon.colcon_core.package_identification:_identify(.) by extension 'ignore_ament_install'
[0.732s] Level 1:colcon.colcon_core.package_identification:_identify(.) by extensions ['colcon_pkg']
[0.732s] Level 1:colcon.colcon_core.package_identification:_identify(.) by extension 'colcon_pkg'
[0.733s] Level 1:colcon.colcon_core.package_identification:_identify(.) by extensions ['colcon_meta']
[0.733s] Level 1:colcon.colcon_core.package_identification:_identify(.) by extension 'colcon_meta'
[0.733s] Level 1:colcon.colcon_core.package_identification:_identify(.) by extensions ['ros']
[0.733s] Level 1:colcon.colcon_core.package_identification:_identify(.) by extension 'ros'
[0.964s] Level 1:colcon.colcon_core.package_identification:_identify(.) by extensions ['cmake', 'python']
[0.964s] Level 1:colcon.colcon_core.package_identification:_identify(.) by extension 'cmake'
[0.965s] Level 1:colcon.colcon_core.package_identification:_identify(.) by extension 'python'
[0.965s] Level 1:colcon.colcon_core.package_identification:_identify(.) by extensions ['python_setup_py']
[0.968s] Level 1:colcon.colcon_core.package_identification:_identify(.) by extension 'python_setup_py'
[0.969s] Level 1:colcon.colcon_core.package_identification:_identify(build) by extensions ['ignore', 'ignore_ament_install']
[0.970s] Level 1:colcon.colcon_core.package_identification:_identify(build) by extension 'ignore'
[0.970s] Level 1:colcon.colcon_core.package_identification:_identify(build) ignored
[0.974s] Level 1:colcon.colcon_core.package_identification:_identify(images) by extensions ['ignore', 'ignore_ament_install']
[0.975s] Level 1:colcon.colcon_core.package_identification:_identify(images) by extension 'ignore'
[0.976s] Level 1:colcon.colcon_core.package_identification:_identify(images) by extension 'ignore_ament_install'
[0.976s] Level 1:colcon.colcon_core.package_identification:_identify(images) by extensions ['colcon_pkg']
[0.977s] Level 1:colcon.colcon_core.package_identification:_identify(images) by extension 'colcon_pkg'
[0.981s] Level 1:colcon.colcon_core.package_identification:_identify(images) by extensions ['colcon_meta']
[0.981s] Level 1:colcon.colcon_core.package_identification:_identify(images) by extension 'colcon_meta'
[0.982s] Level 1:colcon.colcon_core.package_identification:_identify(images) by extensions ['ros']
[0.982s] Level 1:colcon.colcon_core.package_identification:_identify(images) by extension 'ros'
[0.987s] Level 1:colcon.colcon_core.package_identification:_identify(images) by extensions ['cmake', 'python']
[0.987s] Level 1:colcon.colcon_core.package_identification:_identify(images) by extension 'cmake'
[0.989s] Level 1:colcon.colcon_core.package_identification:_identify(images) by extension 'python'
[0.992s] Level 1:colcon.colcon_core.package_identification:_identify(images) by extensions ['python_setup_py']
[0.993s] Level 1:colcon.colcon_core.package_identification:_identify(images) by extension 'python_setup_py'
[0.994s] Level 1:colcon.colcon_core.package_identification:_identify(install) by extensions ['ignore', 'ignore_ament_install']
[0.995s] Level 1:colcon.colcon_core.package_identification:_identify(install) by extension 'ignore'
[0.995s] Level 1:colcon.colcon_core.package_identification:_identify(install) ignored
[1.000s] Level 1:colcon.colcon_core.package_identification:_identify(log) by extensions ['ignore', 'ignore_ament_install']
[1.001s] Level 1:colcon.colcon_core.package_identification:_identify(log) by extension 'ignore'
[1.002s] Level 1:colcon.colcon_core.package_identification:_identify(log) ignored
[1.003s] Level 1:colcon.colcon_core.package_identification:_identify(src) by extensions ['ignore', 'ignore_ament_install']
[1.005s] Level 1:colcon.colcon_core.package_identification:_identify(src) by extension 'ignore'
[1.006s] Level 1:colcon.colcon_core.package_identification:_identify(src) by extension 'ignore_ament_install'
[1.007s] Level 1:colcon.colcon_core.package_identification:_identify(src) by extensions ['colcon_pkg']
[1.007s] Level 1:colcon.colcon_core.package_identification:_identify(src) by extension 'colcon_pkg'
[1.008s] Level 1:colcon.colcon_core.package_identification:_identify(src) by extensions ['colcon_meta']
[1.008s] Level 1:colcon.colcon_core.package_identification:_identify(src) by extension 'colcon_meta'
[1.009s] Level 1:colcon.colcon_core.package_identification:_identify(src) by extensions ['ros']
[1.009s] Level 1:colcon.colcon_core.package_identification:_identify(src) by extension 'ros'
[1.011s] Level 1:colcon.colcon_core.package_identification:_identify(src) by extensions ['cmake', 'python']
[1.012s] Level 1:colcon.colcon_core.package_identification:_identify(src) by extension 'cmake'
[1.013s] Level 1:colcon.colcon_core.package_identification:_identify(src) by extension 'python'
[1.015s] Level 1:colcon.colcon_core.package_identification:_identify(src) by extensions ['python_setup_py']
[1.016s] Level 1:colcon.colcon_core.package_identification:_identify(src) by extension 'python_setup_py'
[1.017s] Level 1:colcon.colcon_core.package_identification:_identify(src/odometry_ir_reader) by extensions ['ignore', 'ignore_ament_install']
[1.019s] Level 1:colcon.colcon_core.package_identification:_identify(src/odometry_ir_reader) by extension 'ignore'
[1.019s] Level 1:colcon.colcon_core.package_identification:_identify(src/odometry_ir_reader) by extension 'ignore_ament_install'
[1.020s] Level 1:colcon.colcon_core.package_identification:_identify(src/odometry_ir_reader) by extensions ['colcon_pkg']
[1.021s] Level 1:colcon.colcon_core.package_identification:_identify(src/odometry_ir_reader) by extension 'colcon_pkg'
[1.023s] Level 1:colcon.colcon_core.package_identification:_identify(src/odometry_ir_reader) by extensions ['colcon_meta']
[1.024s] Level 1:colcon.colcon_core.package_identification:_identify(src/odometry_ir_reader) by extension 'colcon_meta'
[1.025s] Level 1:colcon.colcon_core.package_identification:_identify(src/odometry_ir_reader) by extensions ['ros']
[1.026s] Level 1:colcon.colcon_core.package_identification:_identify(src/odometry_ir_reader) by extension 'ros'
[1.038s] DEBUG:colcon.colcon_core.package_identification:Package 'src/odometry_ir_reader' with type 'ros.ament_python' and name 'odometry_ir_reader'
[1.040s] Level 1:colcon.colcon_core.package_discovery:discover_packages(recursive) using defaults
[1.041s] Level 1:colcon.colcon_core.package_discovery:discover_packages(ignore) discover
[1.041s] Level 1:colcon.colcon_core.package_discovery:discover_packages(ignore) using defaults
[1.041s] Level 1:colcon.colcon_core.package_discovery:discover_packages(path) discover
[1.042s] Level 1:colcon.colcon_core.package_discovery:discover_packages(path) using defaults
[1.150s] Level 1:colcon.colcon_core.package_discovery:discover_packages(prefix_path) check parameters
[1.150s] Level 1:colcon.colcon_core.package_discovery:discover_packages(prefix_path) discover
[1.168s] DEBUG:colcon.colcon_installed_package_information.package_discovery:Found 1 installed packages in /home/robot/ros2_ws/install
[1.176s] DEBUG:colcon.colcon_installed_package_information.package_discovery:Found 6 installed packages in /home/robot/create3_examples_ws/install
[1.191s] DEBUG:colcon.colcon_installed_package_information.package_discovery:Found 297 installed packages in /opt/ros/jazzy
[1.209s] Level 1:colcon.colcon_core.package_discovery:discover_packages(prefix_path) using defaults
[1.468s] Level 5:colcon.colcon_core.verb:set package 'odometry_ir_reader' build argument 'cmake_args' from command line to 'None'
[1.468s] Level 5:colcon.colcon_core.verb:set package 'odometry_ir_reader' build argument 'cmake_target' from command line to 'None'
[1.468s] Level 5:colcon.colcon_core.verb:set package 'odometry_ir_reader' build argument 'cmake_target_skip_unavailable' from command line to 'False'
[1.469s] Level 5:colcon.colcon_core.verb:set package 'odometry_ir_reader' build argument 'cmake_clean_cache' from command line to 'False'
[1.469s] Level 5:colcon.colcon_core.verb:set package 'odometry_ir_reader' build argument 'cmake_clean_first' from command line to 'False'
[1.469s] Level 5:colcon.colcon_core.verb:set package 'odometry_ir_reader' build argument 'cmake_force_configure' from command line to 'False'
[1.469s] Level 5:colcon.colcon_core.verb:set package 'odometry_ir_reader' build argument 'ament_cmake_args' from command line to 'None'
[1.469s] Level 5:colcon.colcon_core.verb:set package 'odometry_ir_reader' build argument 'catkin_cmake_args' from command line to 'None'
[1.469s] Level 5:colcon.colcon_core.verb:set package 'odometry_ir_reader' build argument 'catkin_skip_building_tests' from command line to 'False'
[1.470s] DEBUG:colcon.colcon_core.verb:Building package 'odometry_ir_reader' with the following arguments: {'ament_cmake_args': None, 'build_base': '/home/robot/hermann_ws/build/odometry_ir_reader', 'catkin_cmake_args': None, 'catkin_skip_building_tests': False, 'cmake_args': None, 'cmake_clean_cache': False, 'cmake_clean_first': False, 'cmake_force_configure': False, 'cmake_target': None, 'cmake_target_skip_unavailable': False, 'install_base': '/home/robot/hermann_ws/install/odometry_ir_reader', 'merge_install': False, 'path': '/home/robot/hermann_ws/src/odometry_ir_reader', 'symlink_install': False, 'test_result_base': None}
[1.470s] INFO:colcon.colcon_core.executor:Executing jobs using 'parallel' executor
[1.473s] DEBUG:colcon.colcon_parallel_executor.executor.parallel:run_until_complete
[1.474s] INFO:colcon.colcon_ros.task.ament_python.build:Building ROS package in '/home/robot/hermann_ws/src/odometry_ir_reader' with build type 'ament_python'
[1.475s] Level 1:colcon.colcon_core.shell:create_environment_hook('odometry_ir_reader', 'ament_prefix_path')
[1.484s] INFO:colcon.colcon_core.plugin_system:Skipping extension 'colcon_core.shell.bat': Not used on non-Windows systems
[1.486s] INFO:colcon.colcon_core.shell:Creating environment hook '/home/robot/hermann_ws/install/odometry_ir_reader/share/odometry_ir_reader/hook/ament_prefix_path.ps1'
[1.488s] INFO:colcon.colcon_core.shell:Creating environment descriptor '/home/robot/hermann_ws/install/odometry_ir_reader/share/odometry_ir_reader/hook/ament_prefix_path.dsv'
[1.490s] INFO:colcon.colcon_core.shell:Creating environment hook '/home/robot/hermann_ws/install/odometry_ir_reader/share/odometry_ir_reader/hook/ament_prefix_path.sh'
[1.493s] INFO:colcon.colcon_core.shell:Skip shell extension 'powershell' for command environment: Not usable outside of PowerShell
[1.494s] DEBUG:colcon.colcon_core.shell:Skip shell extension 'dsv' for command environment
[2.556s] INFO:colcon.colcon_core.task.python.build:Building Python package in '/home/robot/hermann_ws/src/odometry_ir_reader'
[2.557s] INFO:colcon.colcon_core.shell:Skip shell extension 'powershell' for command environment: Not usable outside of PowerShell
[2.557s] DEBUG:colcon.colcon_core.shell:Skip shell extension 'dsv' for command environment
[5.658s] DEBUG:colcon.colcon_core.event_handler.log_command:Invoking command in '/home/robot/hermann_ws/src/odometry_ir_reader': PYTHONPATH=/home/robot/hermann_ws/build/odometry_ir_reader/prefix_override:/usr/lib/python3/dist-packages/colcon_core/task/python/colcon_distutils_commands:/home/robot/hermann_ws/install/odometry_ir_reader/lib/python3.12/site-packages:${PYTHONPATH} /usr/bin/python3 -W ignore:setup.py install is deprecated -W ignore:easy_install command is deprecated setup.py egg_info --egg-base ../../build/odometry_ir_reader build --build-base /home/robot/hermann_ws/build/odometry_ir_reader/build install --record /home/robot/hermann_ws/build/odometry_ir_reader/install.log --single-version-externally-managed install_data
[8.482s] DEBUG:colcon.colcon_core.event_handler.log_command:Invoked command in '/home/robot/hermann_ws/src/odometry_ir_reader' returned '0': PYTHONPATH=/home/robot/hermann_ws/build/odometry_ir_reader/prefix_override:/usr/lib/python3/dist-packages/colcon_core/task/python/colcon_distutils_commands:/home/robot/hermann_ws/install/odometry_ir_reader/lib/python3.12/site-packages:${PYTHONPATH} /usr/bin/python3 -W ignore:setup.py install is deprecated -W ignore:easy_install command is deprecated setup.py egg_info --egg-base ../../build/odometry_ir_reader build --build-base /home/robot/hermann_ws/build/odometry_ir_reader/build install --record /home/robot/hermann_ws/build/odometry_ir_reader/install.log --single-version-externally-managed install_data
[8.492s] Level 1:colcon.colcon_core.environment:checking '/home/robot/hermann_ws/install/odometry_ir_reader' for CMake module files
[8.495s] Level 1:colcon.colcon_core.environment:checking '/home/robot/hermann_ws/install/odometry_ir_reader' for CMake config files
[8.499s] Level 1:colcon.colcon_core.environment:checking '/home/robot/hermann_ws/install/odometry_ir_reader/lib'
[8.499s] Level 1:colcon.colcon_core.environment:checking '/home/robot/hermann_ws/install/odometry_ir_reader/bin'
[8.500s] Level 1:colcon.colcon_core.environment:checking '/home/robot/hermann_ws/install/odometry_ir_reader/lib/pkgconfig/odometry_ir_reader.pc'
[8.501s] Level 1:colcon.colcon_core.environment:checking '/home/robot/hermann_ws/install/odometry_ir_reader/lib/python3.12/site-packages'
[8.501s] Level 1:colcon.colcon_core.shell:create_environment_hook('odometry_ir_reader', 'pythonpath')
[8.502s] INFO:colcon.colcon_core.shell:Creating environment hook '/home/robot/hermann_ws/install/odometry_ir_reader/share/odometry_ir_reader/hook/pythonpath.ps1'
[8.504s] INFO:colcon.colcon_core.shell:Creating environment descriptor '/home/robot/hermann_ws/install/odometry_ir_reader/share/odometry_ir_reader/hook/pythonpath.dsv'
[8.506s] INFO:colcon.colcon_core.shell:Creating environment hook '/home/robot/hermann_ws/install/odometry_ir_reader/share/odometry_ir_reader/hook/pythonpath.sh'
[8.510s] Level 1:colcon.colcon_core.environment:checking '/home/robot/hermann_ws/install/odometry_ir_reader/bin'
[8.510s] Level 1:colcon.colcon_core.environment:create_environment_scripts_only(odometry_ir_reader)
[8.511s] INFO:colcon.colcon_core.shell:Creating package script '/home/robot/hermann_ws/install/odometry_ir_reader/share/odometry_ir_reader/package.ps1'
[8.516s] INFO:colcon.colcon_core.shell:Creating package descriptor '/home/robot/hermann_ws/install/odometry_ir_reader/share/odometry_ir_reader/package.dsv'
[8.519s] INFO:colcon.colcon_core.shell:Creating package script '/home/robot/hermann_ws/install/odometry_ir_reader/share/odometry_ir_reader/package.sh'
[8.522s] INFO:colcon.colcon_core.shell:Creating package script '/home/robot/hermann_ws/install/odometry_ir_reader/share/odometry_ir_reader/package.bash'
[8.525s] INFO:colcon.colcon_core.shell:Creating package script '/home/robot/hermann_ws/install/odometry_ir_reader/share/odometry_ir_reader/package.zsh'
[8.528s] Level 1:colcon.colcon_core.environment:create_file_with_runtime_dependencies(/home/robot/hermann_ws/install/odometry_ir_reader/share/colcon-core/packages/odometry_ir_reader)
[8.530s] DEBUG:colcon.colcon_parallel_executor.executor.parallel:closing loop
[8.531s] DEBUG:colcon.colcon_parallel_executor.executor.parallel:loop closed
[8.532s] DEBUG:colcon.colcon_parallel_executor.executor.parallel:run_until_complete finished with '0'
[8.532s] DEBUG:colcon.colcon_core.event_reactor:joining thread
[8.534s] DEBUG:colcon.colcon_core.event_reactor:joined thread
[8.535s] INFO:colcon.colcon_core.shell:Creating prefix script '/home/robot/hermann_ws/install/local_setup.ps1'
[8.539s] INFO:colcon.colcon_core.shell:Creating prefix util module '/home/robot/hermann_ws/install/_local_setup_util_ps1.py'
[8.544s] INFO:colcon.colcon_core.shell:Creating prefix chain script '/home/robot/hermann_ws/install/setup.ps1'
[8.551s] INFO:colcon.colcon_core.shell:Creating prefix script '/home/robot/hermann_ws/install/local_setup.sh'
[8.555s] INFO:colcon.colcon_core.shell:Creating prefix util module '/home/robot/hermann_ws/install/_local_setup_util_sh.py'
[8.558s] INFO:colcon.colcon_core.shell:Creating prefix chain script '/home/robot/hermann_ws/install/setup.sh'
[8.564s] INFO:colcon.colcon_core.shell:Creating prefix script '/home/robot/hermann_ws/install/local_setup.bash'
[8.567s] INFO:colcon.colcon_core.shell:Creating prefix chain script '/home/robot/hermann_ws/install/setup.bash'
[8.572s] INFO:colcon.colcon_core.shell:Creating prefix script '/home/robot/hermann_ws/install/local_setup.zsh'
[8.575s] INFO:colcon.colcon_core.shell:Creating prefix chain script '/home/robot/hermann_ws/install/setup.zsh'
