[3.804s] Invoking command in '/home/robot/minotaurobot_oleh_ws/src/shmove_pkg': PYTHONPATH=/home/robot/minotaurobot_oleh_ws/build/shmove_pkg/prefix_override:/usr/lib/python3/dist-packages/colcon_core/task/python/colcon_distutils_commands:/home/robot/minotaurobot_oleh_ws/install/shmove_pkg/lib/python3.12/site-packages:${PYTHONPATH} /usr/bin/python3 -W ignore:setup.py install is deprecated -W ignore:easy_install command is deprecated setup.py egg_info --egg-base ../../build/shmove_pkg build --build-base /home/robot/minotaurobot_oleh_ws/build/shmove_pkg/build install --record /home/robot/minotaurobot_oleh_ws/build/shmove_pkg/install.log --single-version-externally-managed install_data
[5.030s] running egg_info
[5.121s] writing ../../build/shmove_pkg/shmove_pkg.egg-info/PKG-INFO
[5.122s] writing dependency_links to ../../build/shmove_pkg/shmove_pkg.egg-info/dependency_links.txt
[5.125s] writing entry points to ../../build/shmove_pkg/shmove_pkg.egg-info/entry_points.txt
[5.126s] writing requirements to ../../build/shmove_pkg/shmove_pkg.egg-info/requires.txt
[5.127s] writing top-level names to ../../build/shmove_pkg/shmove_pkg.egg-info/top_level.txt
[5.314s] reading manifest file '../../build/shmove_pkg/shmove_pkg.egg-info/SOURCES.txt'
[5.318s] writing manifest file '../../build/shmove_pkg/shmove_pkg.egg-info/SOURCES.txt'
[5.318s] running build
[5.319s] running build_py
[5.320s] copying shmove_pkg/test.py -> /home/robot/minotaurobot_oleh_ws/build/shmove_pkg/build/lib/shmove_pkg
[5.322s] running install
[5.346s] running install_lib
[5.438s] copying /home/robot/minotaurobot_oleh_ws/build/shmove_pkg/build/lib/shmove_pkg/test.py -> /home/robot/minotaurobot_oleh_ws/install/shmove_pkg/lib/python3.12/site-packages/shmove_pkg
[5.442s] byte-compiling /home/robot/minotaurobot_oleh_ws/install/shmove_pkg/lib/python3.12/site-packages/shmove_pkg/test.py to test.cpython-312.pyc
[5.447s] running install_data
[5.448s] running install_egg_info
[5.545s] removing '/home/robot/minotaurobot_oleh_ws/install/shmove_pkg/lib/python3.12/site-packages/shmove_pkg-0.0.0-py3.12.egg-info' (and everything under it)
[5.547s] Copying ../../build/shmove_pkg/shmove_pkg.egg-info to /home/robot/minotaurobot_oleh_ws/install/shmove_pkg/lib/python3.12/site-packages/shmove_pkg-0.0.0-py3.12.egg-info
[5.556s] running install_scripts
[6.234s] Installing go_to_goal script to /home/robot/minotaurobot_oleh_ws/install/shmove_pkg/lib/shmove_pkg
[6.235s] Installing shmover script to /home/robot/minotaurobot_oleh_ws/install/shmove_pkg/lib/shmove_pkg
[6.236s] Installing shmoving_algorithm_1 script to /home/robot/minotaurobot_oleh_ws/install/shmove_pkg/lib/shmove_pkg
[6.237s] Installing test script to /home/robot/minotaurobot_oleh_ws/install/shmove_pkg/lib/shmove_pkg
[6.238s] Installing wall_follower script to /home/robot/minotaurobot_oleh_ws/install/shmove_pkg/lib/shmove_pkg
[6.239s] Installing wall_shmover script to /home/robot/minotaurobot_oleh_ws/install/shmove_pkg/lib/shmove_pkg
[6.241s] writing list of installed files to '/home/robot/minotaurobot_oleh_ws/build/shmove_pkg/install.log'
[6.382s] Invoked command in '/home/robot/minotaurobot_oleh_ws/src/shmove_pkg' returned '0': PYTHONPATH=/home/robot/minotaurobot_oleh_ws/build/shmove_pkg/prefix_override:/usr/lib/python3/dist-packages/colcon_core/task/python/colcon_distutils_commands:/home/robot/minotaurobot_oleh_ws/install/shmove_pkg/lib/python3.12/site-packages:${PYTHONPATH} /usr/bin/python3 -W ignore:setup.py install is deprecated -W ignore:easy_install command is deprecated setup.py egg_info --egg-base ../../build/shmove_pkg build --build-base /home/robot/minotaurobot_oleh_ws/build/shmove_pkg/build install --record /home/robot/minotaurobot_oleh_ws/build/shmove_pkg/install.log --single-version-externally-managed install_data
