[4.892s] Invoking command in '/home/robot/hermann_ws/src/odometry_ir_reader': PYTHONPATH=/home/robot/hermann_ws/build/odometry_ir_reader/prefix_override:/usr/lib/python3/dist-packages/colcon_core/task/python/colcon_distutils_commands:/home/robot/hermann_ws/install/odometry_ir_reader/lib/python3.12/site-packages:${PYTHONPATH} /usr/bin/python3 -W ignore:setup.py install is deprecated -W ignore:easy_install command is deprecated setup.py egg_info --egg-base ../../build/odometry_ir_reader build --build-base /home/robot/hermann_ws/build/odometry_ir_reader/build install --record /home/robot/hermann_ws/build/odometry_ir_reader/install.log --single-version-externally-managed install_data
[6.126s] running egg_info
[6.127s] creating ../../build/odometry_ir_reader/odometry_ir_reader.egg-info
[6.219s] writing ../../build/odometry_ir_reader/odometry_ir_reader.egg-info/PKG-INFO
[6.220s] writing dependency_links to ../../build/odometry_ir_reader/odometry_ir_reader.egg-info/dependency_links.txt
[6.221s] writing entry points to ../../build/odometry_ir_reader/odometry_ir_reader.egg-info/entry_points.txt
[6.222s] writing requirements to ../../build/odometry_ir_reader/odometry_ir_reader.egg-info/requires.txt
[6.223s] writing top-level names to ../../build/odometry_ir_reader/odometry_ir_reader.egg-info/top_level.txt
[6.223s] writing manifest file '../../build/odometry_ir_reader/odometry_ir_reader.egg-info/SOURCES.txt'
[6.313s] reading manifest file '../../build/odometry_ir_reader/odometry_ir_reader.egg-info/SOURCES.txt'
[6.316s] writing manifest file '../../build/odometry_ir_reader/odometry_ir_reader.egg-info/SOURCES.txt'
[6.317s] running build
[6.317s] running install
[6.343s] running install_data
[6.344s] creating /home/robot/hermann_ws/install/odometry_ir_reader/share/ament_index
[6.345s] creating /home/robot/hermann_ws/install/odometry_ir_reader/share/ament_index/resource_index
[6.345s] creating /home/robot/hermann_ws/install/odometry_ir_reader/share/ament_index/resource_index/packages
[6.347s] copying resource/odometry_ir_reader -> /home/robot/hermann_ws/install/odometry_ir_reader/share/ament_index/resource_index/packages
[6.347s] copying package.xml -> /home/robot/hermann_ws/install/odometry_ir_reader/share/odometry_ir_reader
[6.348s] running install_egg_info
[6.541s] Copying ../../build/odometry_ir_reader/odometry_ir_reader.egg-info to /home/robot/hermann_ws/install/odometry_ir_reader/lib/python3.12/site-packages/odometry_ir_reader-0.0.0-py3.12.egg-info
[6.547s] running install_scripts
[7.266s] Installing odometry_ir_subscriber script to /home/robot/hermann_ws/install/odometry_ir_reader/lib/odometry_ir_reader
[7.268s] writing list of installed files to '/home/robot/hermann_ws/build/odometry_ir_reader/install.log'
[7.410s] Invoked command in '/home/robot/hermann_ws/src/odometry_ir_reader' returned '0': PYTHONPATH=/home/robot/hermann_ws/build/odometry_ir_reader/prefix_override:/usr/lib/python3/dist-packages/colcon_core/task/python/colcon_distutils_commands:/home/robot/hermann_ws/install/odometry_ir_reader/lib/python3.12/site-packages:${PYTHONPATH} /usr/bin/python3 -W ignore:setup.py install is deprecated -W ignore:easy_install command is deprecated setup.py egg_info --egg-base ../../build/odometry_ir_reader build --build-base /home/robot/hermann_ws/build/odometry_ir_reader/build install --record /home/robot/hermann_ws/build/odometry_ir_reader/install.log --single-version-externally-managed install_data
