[0.490s] DEBUG:colcon:Command line arguments: ['/usr/bin/colcon', 'build']
[0.491s] DEBUG:colcon:Parsed command line arguments: Namespace(log_base=None, log_level=None, verb_name='build', build_base='build', install_base='install', merge_install=False, symlink_install=False, test_result_base=None, continue_on_error=False, executor='parallel', parallel_workers=4, event_handlers=None, ignore_user_meta=False, metas=['./colcon.meta'], base_paths=['.'], packages_ignore=None, packages_ignore_regex=None, paths=None, packages_up_to=None, packages_up_to_regex=None, packages_above=None, packages_above_and_dependencies=None, packages_above_depth=None, packages_select_by_dep=None, packages_skip_by_dep=None, packages_skip_up_to=None, packages_select_build_failed=False, packages_skip_build_finished=False, packages_select_test_failures=False, packages_skip_test_passed=False, packages_select=None, packages_skip=None, packages_select_regex=None, packages_skip_regex=None, packages_start=None, packages_end=None, allow_overriding=[], cmake_args=None, cmake_target=None, cmake_target_skip_unavailable=False, cmake_clean_cache=False, cmake_clean_first=False, cmake_force_configure=False, ament_cmake_args=None, catkin_cmake_args=None, catkin_skip_building_tests=False, mixin_files=None, mixin=None, verb_parser=<colcon_mixin.mixin.mixin_argument.MixinArgumentDecorator object at 0xffffa6a2f590>, verb_extension=<colcon_core.verb.build.BuildVerb object at 0xffffa6beb9b0>, main=<bound method BuildVerb.main of <colcon_core.verb.build.BuildVerb object at 0xffffa6beb9b0>>, mixin_verb=('build',))
[0.688s] Level 1:colcon.colcon_core.package_discovery:discover_packages(colcon_meta) check parameters
[0.689s] Level 1:colcon.colcon_core.package_discovery:discover_packages(recursive) check parameters
[0.689s] Level 1:colcon.colcon_core.package_discovery:discover_packages(ignore) check parameters
[0.689s] Level 1:colcon.colcon_core.package_discovery:discover_packages(path) check parameters
[0.689s] Level 1:colcon.colcon_core.package_discovery:discover_packages(colcon_meta) discover
[0.690s] Level 1:colcon.colcon_core.package_discovery:discover_packages(recursive) discover
[0.690s] INFO:colcon.colcon_core.package_discovery:Crawling recursively for packages in '/home/robot/minotaurobot_oleh_ws'
[0.691s] Level 1:colcon.colcon_core.package_identification:_identify(.) by extensions ['ignore', 'ignore_ament_install']
[0.691s] Level 1:colcon.colcon_core.package_identification:_identify(.) by extension 'ignore'
[0.692s] Level 1:colcon.colcon_core.package_identification:_identify(.) by extension 'ignore_ament_install'
[0.692s] Level 1:colcon.colcon_core.package_identification:_identify(.) by extensions ['colcon_pkg']
[0.692s] Level 1:colcon.colcon_core.package_identification:_identify(.) by extension 'colcon_pkg'
[0.693s] Level 1:colcon.colcon_core.package_identification:_identify(.) by extensions ['colcon_meta']
[0.693s] Level 1:colcon.colcon_core.package_identification:_identify(.) by extension 'colcon_meta'
[0.693s] Level 1:colcon.colcon_core.package_identification:_identify(.) by extensions ['ros']
[0.693s] Level 1:colcon.colcon_core.package_identification:_identify(.) by extension 'ros'
[0.844s] Level 1:colcon.colcon_core.package_identification:_identify(.) by extensions ['cmake', 'python']
[0.845s] Level 1:colcon.colcon_core.package_identification:_identify(.) by extension 'cmake'
[0.845s] Level 1:colcon.colcon_core.package_identification:_identify(.) by extension 'python'
[0.846s] Level 1:colcon.colcon_core.package_identification:_identify(.) by extensions ['python_setup_py']
[0.846s] Level 1:colcon.colcon_core.package_identification:_identify(.) by extension 'python_setup_py'
[0.847s] Level 1:colcon.colcon_core.package_identification:_identify(build) by extensions ['ignore', 'ignore_ament_install']
[0.848s] Level 1:colcon.colcon_core.package_identification:_identify(build) by extension 'ignore'
[0.848s] Level 1:colcon.colcon_core.package_identification:_identify(build) ignored
[0.849s] Level 1:colcon.colcon_core.package_identification:_identify(images) by extensions ['ignore', 'ignore_ament_install']
[0.850s] Level 1:colcon.colcon_core.package_identification:_identify(images) by extension 'ignore'
[0.851s] Level 1:colcon.colcon_core.package_identification:_identify(images) by extension 'ignore_ament_install'
[0.851s] Level 1:colcon.colcon_core.package_identification:_identify(images) by extensions ['colcon_pkg']
[0.852s] Level 1:colcon.colcon_core.package_identification:_identify(images) by extension 'colcon_pkg'
[0.852s] Level 1:colcon.colcon_core.package_identification:_identify(images) by extensions ['colcon_meta']
[0.852s] Level 1:colcon.colcon_core.package_identification:_identify(images) by extension 'colcon_meta'
[0.853s] Level 1:colcon.colcon_core.package_identification:_identify(images) by extensions ['ros']
[0.853s] Level 1:colcon.colcon_core.package_identification:_identify(images) by extension 'ros'
[0.854s] Level 1:colcon.colcon_core.package_identification:_identify(images) by extensions ['cmake', 'python']
[0.854s] Level 1:colcon.colcon_core.package_identification:_identify(images) by extension 'cmake'
[0.854s] Level 1:colcon.colcon_core.package_identification:_identify(images) by extension 'python'
[0.855s] Level 1:colcon.colcon_core.package_identification:_identify(images) by extensions ['python_setup_py']
[0.855s] Level 1:colcon.colcon_core.package_identification:_identify(images) by extension 'python_setup_py'
[0.856s] Level 1:colcon.colcon_core.package_identification:_identify(install) by extensions ['ignore', 'ignore_ament_install']
[0.856s] Level 1:colcon.colcon_core.package_identification:_identify(install) by extension 'ignore'
[0.857s] Level 1:colcon.colcon_core.package_identification:_identify(install) ignored
[0.858s] Level 1:colcon.colcon_core.package_identification:_identify(log) by extensions ['ignore', 'ignore_ament_install']
[0.859s] Level 1:colcon.colcon_core.package_identification:_identify(log) by extension 'ignore'
[0.859s] Level 1:colcon.colcon_core.package_identification:_identify(log) ignored
[0.860s] Level 1:colcon.colcon_core.package_identification:_identify(src) by extensions ['ignore', 'ignore_ament_install']
[0.861s] Level 1:colcon.colcon_core.package_identification:_identify(src) by extension 'ignore'
[0.861s] Level 1:colcon.colcon_core.package_identification:_identify(src) by extension 'ignore_ament_install'
[0.862s] Level 1:colcon.colcon_core.package_identification:_identify(src) by extensions ['colcon_pkg']
[0.862s] Level 1:colcon.colcon_core.package_identification:_identify(src) by extension 'colcon_pkg'
[0.862s] Level 1:colcon.colcon_core.package_identification:_identify(src) by extensions ['colcon_meta']
[0.863s] Level 1:colcon.colcon_core.package_identification:_identify(src) by extension 'colcon_meta'
[0.863s] Level 1:colcon.colcon_core.package_identification:_identify(src) by extensions ['ros']
[0.863s] Level 1:colcon.colcon_core.package_identification:_identify(src) by extension 'ros'
[0.864s] Level 1:colcon.colcon_core.package_identification:_identify(src) by extensions ['cmake', 'python']
[0.864s] Level 1:colcon.colcon_core.package_identification:_identify(src) by extension 'cmake'
[0.865s] Level 1:colcon.colcon_core.package_identification:_identify(src) by extension 'python'
[0.865s] Level 1:colcon.colcon_core.package_identification:_identify(src) by extensions ['python_setup_py']
[0.866s] Level 1:colcon.colcon_core.package_identification:_identify(src) by extension 'python_setup_py'
[0.867s] Level 1:colcon.colcon_core.package_identification:_identify(src/shmove_pkg) by extensions ['ignore', 'ignore_ament_install']
[0.867s] Level 1:colcon.colcon_core.package_identification:_identify(src/shmove_pkg) by extension 'ignore'
[0.868s] Level 1:colcon.colcon_core.package_identification:_identify(src/shmove_pkg) by extension 'ignore_ament_install'
[0.868s] Level 1:colcon.colcon_core.package_identification:_identify(src/shmove_pkg) by extensions ['colcon_pkg']
[0.869s] Level 1:colcon.colcon_core.package_identification:_identify(src/shmove_pkg) by extension 'colcon_pkg'
[0.869s] Level 1:colcon.colcon_core.package_identification:_identify(src/shmove_pkg) by extensions ['colcon_meta']
[0.869s] Level 1:colcon.colcon_core.package_identification:_identify(src/shmove_pkg) by extension 'colcon_meta'
[0.870s] Level 1:colcon.colcon_core.package_identification:_identify(src/shmove_pkg) by extensions ['ros']
[0.870s] Level 1:colcon.colcon_core.package_identification:_identify(src/shmove_pkg) by extension 'ros'
[0.883s] DEBUG:colcon.colcon_core.package_identification:Package 'src/shmove_pkg' with type 'ros.ament_python' and name 'shmove_pkg'
[0.884s] Level 1:colcon.colcon_core.package_discovery:discover_packages(recursive) using defaults
[0.884s] Level 1:colcon.colcon_core.package_discovery:discover_packages(ignore) discover
[0.884s] Level 1:colcon.colcon_core.package_discovery:discover_packages(ignore) using defaults
[0.885s] Level 1:colcon.colcon_core.package_discovery:discover_packages(path) discover
[0.885s] Level 1:colcon.colcon_core.package_discovery:discover_packages(path) using defaults
[0.989s] Level 1:colcon.colcon_core.package_discovery:discover_packages(prefix_path) check parameters
[0.989s] Level 1:colcon.colcon_core.package_discovery:discover_packages(prefix_path) discover
[1.006s] DEBUG:colcon.colcon_installed_package_information.package_discovery:Found 1 installed packages in /home/robot/minotaurobot_oleh_ws/install
[1.010s] DEBUG:colcon.colcon_installed_package_information.package_discovery:Found 1 installed packages in /home/robot/ros2_ws/install
[1.015s] DEBUG:colcon.colcon_installed_package_information.package_discovery:Found 6 installed packages in /home/robot/create3_examples_ws/install
[1.028s] DEBUG:colcon.colcon_installed_package_information.package_discovery:Found 297 installed packages in /opt/ros/jazzy
[1.040s] Level 1:colcon.colcon_core.package_discovery:discover_packages(prefix_path) using defaults
[1.431s] Level 5:colcon.colcon_core.verb:set package 'shmove_pkg' build argument 'cmake_args' from command line to 'None'
[1.432s] Level 5:colcon.colcon_core.verb:set package 'shmove_pkg' build argument 'cmake_target' from command line to 'None'
[1.433s] Level 5:colcon.colcon_core.verb:set package 'shmove_pkg' build argument 'cmake_target_skip_unavailable' from command line to 'False'
[1.433s] Level 5:colcon.colcon_core.verb:set package 'shmove_pkg' build argument 'cmake_clean_cache' from command line to 'False'
[1.434s] Level 5:colcon.colcon_core.verb:set package 'shmove_pkg' build argument 'cmake_clean_first' from command line to 'False'
[1.434s] Level 5:colcon.colcon_core.verb:set package 'shmove_pkg' build argument 'cmake_force_configure' from command line to 'False'
[1.434s] Level 5:colcon.colcon_core.verb:set package 'shmove_pkg' build argument 'ament_cmake_args' from command line to 'None'
[1.434s] Level 5:colcon.colcon_core.verb:set package 'shmove_pkg' build argument 'catkin_cmake_args' from command line to 'None'
[1.435s] Level 5:colcon.colcon_core.verb:set package 'shmove_pkg' build argument 'catkin_skip_building_tests' from command line to 'False'
[1.435s] DEBUG:colcon.colcon_core.verb:Building package 'shmove_pkg' with the following arguments: {'ament_cmake_args': None, 'build_base': '/home/robot/minotaurobot_oleh_ws/build/shmove_pkg', 'catkin_cmake_args': None, 'catkin_skip_building_tests': False, 'cmake_args': None, 'cmake_clean_cache': False, 'cmake_clean_first': False, 'cmake_force_configure': False, 'cmake_target': None, 'cmake_target_skip_unavailable': False, 'install_base': '/home/robot/minotaurobot_oleh_ws/install/shmove_pkg', 'merge_install': False, 'path': '/home/robot/minotaurobot_oleh_ws/src/shmove_pkg', 'symlink_install': False, 'test_result_base': None}
[1.436s] INFO:colcon.colcon_core.executor:Executing jobs using 'parallel' executor
[1.439s] DEBUG:colcon.colcon_parallel_executor.executor.parallel:run_until_complete
[1.441s] INFO:colcon.colcon_ros.task.ament_python.build:Building ROS package in '/home/robot/minotaurobot_oleh_ws/src/shmove_pkg' with build type 'ament_python'
[1.442s] Level 1:colcon.colcon_core.shell:create_environment_hook('shmove_pkg', 'ament_prefix_path')
[1.453s] INFO:colcon.colcon_core.plugin_system:Skipping extension 'colcon_core.shell.bat': Not used on non-Windows systems
[1.454s] INFO:colcon.colcon_core.shell:Creating environment hook '/home/robot/minotaurobot_oleh_ws/install/shmove_pkg/share/shmove_pkg/hook/ament_prefix_path.ps1'
[1.458s] INFO:colcon.colcon_core.shell:Creating environment descriptor '/home/robot/minotaurobot_oleh_ws/install/shmove_pkg/share/shmove_pkg/hook/ament_prefix_path.dsv'
[1.460s] INFO:colcon.colcon_core.shell:Creating environment hook '/home/robot/minotaurobot_oleh_ws/install/shmove_pkg/share/shmove_pkg/hook/ament_prefix_path.sh'
[1.464s] INFO:colcon.colcon_core.shell:Skip shell extension 'powershell' for command environment: Not usable outside of PowerShell
[1.465s] DEBUG:colcon.colcon_core.shell:Skip shell extension 'dsv' for command environment
[2.656s] INFO:colcon.colcon_core.task.python.build:Building Python package in '/home/robot/minotaurobot_oleh_ws/src/shmove_pkg'
[2.658s] INFO:colcon.colcon_core.shell:Skip shell extension 'powershell' for command environment: Not usable outside of PowerShell
[2.658s] DEBUG:colcon.colcon_core.shell:Skip shell extension 'dsv' for command environment
[6.159s] DEBUG:colcon.colcon_core.event_handler.log_command:Invoking command in '/home/robot/minotaurobot_oleh_ws/src/shmove_pkg': PYTHONPATH=/home/robot/minotaurobot_oleh_ws/build/shmove_pkg/prefix_override:/usr/lib/python3/dist-packages/colcon_core/task/python/colcon_distutils_commands:/home/robot/minotaurobot_oleh_ws/install/shmove_pkg/lib/python3.12/site-packages:${PYTHONPATH} /usr/bin/python3 -W ignore:setup.py install is deprecated -W ignore:easy_install command is deprecated setup.py egg_info --egg-base ../../build/shmove_pkg build --build-base /home/robot/minotaurobot_oleh_ws/build/shmove_pkg/build install --record /home/robot/minotaurobot_oleh_ws/build/shmove_pkg/install.log --single-version-externally-managed install_data
[9.403s] DEBUG:colcon.colcon_core.event_handler.log_command:Invoked command in '/home/robot/minotaurobot_oleh_ws/src/shmove_pkg' returned '0': PYTHONPATH=/home/robot/minotaurobot_oleh_ws/build/shmove_pkg/prefix_override:/usr/lib/python3/dist-packages/colcon_core/task/python/colcon_distutils_commands:/home/robot/minotaurobot_oleh_ws/install/shmove_pkg/lib/python3.12/site-packages:${PYTHONPATH} /usr/bin/python3 -W ignore:setup.py install is deprecated -W ignore:easy_install command is deprecated setup.py egg_info --egg-base ../../build/shmove_pkg build --build-base /home/robot/minotaurobot_oleh_ws/build/shmove_pkg/build install --record /home/robot/minotaurobot_oleh_ws/build/shmove_pkg/install.log --single-version-externally-managed install_data
[9.413s] Level 1:colcon.colcon_core.environment:checking '/home/robot/minotaurobot_oleh_ws/install/shmove_pkg' for CMake module files
[9.417s] Level 1:colcon.colcon_core.environment:checking '/home/robot/minotaurobot_oleh_ws/install/shmove_pkg' for CMake config files
[9.421s] Level 1:colcon.colcon_core.environment:checking '/home/robot/minotaurobot_oleh_ws/install/shmove_pkg/lib'
[9.422s] Level 1:colcon.colcon_core.environment:checking '/home/robot/minotaurobot_oleh_ws/install/shmove_pkg/bin'
[9.423s] Level 1:colcon.colcon_core.environment:checking '/home/robot/minotaurobot_oleh_ws/install/shmove_pkg/lib/pkgconfig/shmove_pkg.pc'
[9.424s] Level 1:colcon.colcon_core.environment:checking '/home/robot/minotaurobot_oleh_ws/install/shmove_pkg/lib/python3.12/site-packages'
[9.424s] Level 1:colcon.colcon_core.shell:create_environment_hook('shmove_pkg', 'pythonpath')
[9.425s] INFO:colcon.colcon_core.shell:Creating environment hook '/home/robot/minotaurobot_oleh_ws/install/shmove_pkg/share/shmove_pkg/hook/pythonpath.ps1'
[9.427s] INFO:colcon.colcon_core.shell:Creating environment descriptor '/home/robot/minotaurobot_oleh_ws/install/shmove_pkg/share/shmove_pkg/hook/pythonpath.dsv'
[9.429s] INFO:colcon.colcon_core.shell:Creating environment hook '/home/robot/minotaurobot_oleh_ws/install/shmove_pkg/share/shmove_pkg/hook/pythonpath.sh'
[9.432s] Level 1:colcon.colcon_core.environment:checking '/home/robot/minotaurobot_oleh_ws/install/shmove_pkg/bin'
[9.433s] Level 1:colcon.colcon_core.environment:create_environment_scripts_only(shmove_pkg)
[9.434s] INFO:colcon.colcon_core.shell:Creating package script '/home/robot/minotaurobot_oleh_ws/install/shmove_pkg/share/shmove_pkg/package.ps1'
[9.438s] INFO:colcon.colcon_core.shell:Creating package descriptor '/home/robot/minotaurobot_oleh_ws/install/shmove_pkg/share/shmove_pkg/package.dsv'
[9.441s] INFO:colcon.colcon_core.shell:Creating package script '/home/robot/minotaurobot_oleh_ws/install/shmove_pkg/share/shmove_pkg/package.sh'
[9.445s] INFO:colcon.colcon_core.shell:Creating package script '/home/robot/minotaurobot_oleh_ws/install/shmove_pkg/share/shmove_pkg/package.bash'
[9.448s] INFO:colcon.colcon_core.shell:Creating package script '/home/robot/minotaurobot_oleh_ws/install/shmove_pkg/share/shmove_pkg/package.zsh'
[9.452s] Level 1:colcon.colcon_core.environment:create_file_with_runtime_dependencies(/home/robot/minotaurobot_oleh_ws/install/shmove_pkg/share/colcon-core/packages/shmove_pkg)
[9.453s] DEBUG:colcon.colcon_parallel_executor.executor.parallel:closing loop
[9.454s] DEBUG:colcon.colcon_parallel_executor.executor.parallel:loop closed
[9.455s] DEBUG:colcon.colcon_parallel_executor.executor.parallel:run_until_complete finished with '0'
[9.456s] DEBUG:colcon.colcon_core.event_reactor:joining thread
[9.457s] DEBUG:colcon.colcon_core.event_reactor:joined thread
[9.458s] INFO:colcon.colcon_core.shell:Creating prefix script '/home/robot/minotaurobot_oleh_ws/install/local_setup.ps1'
[9.462s] INFO:colcon.colcon_core.shell:Creating prefix util module '/home/robot/minotaurobot_oleh_ws/install/_local_setup_util_ps1.py'
[9.467s] INFO:colcon.colcon_core.shell:Creating prefix chain script '/home/robot/minotaurobot_oleh_ws/install/setup.ps1'
[9.475s] INFO:colcon.colcon_core.shell:Creating prefix script '/home/robot/minotaurobot_oleh_ws/install/local_setup.sh'
[9.478s] INFO:colcon.colcon_core.shell:Creating prefix util module '/home/robot/minotaurobot_oleh_ws/install/_local_setup_util_sh.py'
[9.481s] INFO:colcon.colcon_core.shell:Creating prefix chain script '/home/robot/minotaurobot_oleh_ws/install/setup.sh'
[9.487s] INFO:colcon.colcon_core.shell:Creating prefix script '/home/robot/minotaurobot_oleh_ws/install/local_setup.bash'
[9.489s] INFO:colcon.colcon_core.shell:Creating prefix chain script '/home/robot/minotaurobot_oleh_ws/install/setup.bash'
[9.495s] INFO:colcon.colcon_core.shell:Creating prefix script '/home/robot/minotaurobot_oleh_ws/install/local_setup.zsh'
[9.498s] INFO:colcon.colcon_core.shell:Creating prefix chain script '/home/robot/minotaurobot_oleh_ws/install/setup.zsh'
