[0.531s] DEBUG:colcon:Command line arguments: ['/usr/bin/colcon', 'build']
[0.532s] DEBUG:colcon:Parsed command line arguments: Namespace(log_base=None, log_level=None, verb_name='build', build_base='build', install_base='install', merge_install=False, symlink_install=False, test_result_base=None, continue_on_error=False, executor='parallel', parallel_workers=4, event_handlers=None, ignore_user_meta=False, metas=['./colcon.meta'], base_paths=['.'], packages_ignore=None, packages_ignore_regex=None, paths=None, packages_up_to=None, packages_up_to_regex=None, packages_above=None, packages_above_and_dependencies=None, packages_above_depth=None, packages_select_by_dep=None, packages_skip_by_dep=None, packages_skip_up_to=None, packages_select_build_failed=False, packages_skip_build_finished=False, packages_select_test_failures=False, packages_skip_test_passed=False, packages_select=None, packages_skip=None, packages_select_regex=None, packages_skip_regex=None, packages_start=None, packages_end=None, allow_overriding=[], cmake_args=None, cmake_target=None, cmake_target_skip_unavailable=False, cmake_clean_cache=False, cmake_clean_first=False, cmake_force_configure=False, ament_cmake_args=None, catkin_cmake_args=None, catkin_skip_building_tests=False, mixin_files=None, mixin=None, verb_parser=<colcon_mixin.mixin.mixin_argument.MixinArgumentDecorator object at 0xffffb4d2f2c0>, verb_extension=<colcon_core.verb.build.BuildVerb object at 0xffffb4eeba10>, main=<bound method BuildVerb.main of <colcon_core.verb.build.BuildVerb object at 0xffffb4eeba10>>, mixin_verb=('build',))
[0.716s] Level 1:colcon.colcon_core.package_discovery:discover_packages(colcon_meta) check parameters
[0.716s] Level 1:colcon.colcon_core.package_discovery:discover_packages(recursive) check parameters
[0.716s] Level 1:colcon.colcon_core.package_discovery:discover_packages(ignore) check parameters
[0.716s] Level 1:colcon.colcon_core.package_discovery:discover_packages(path) check parameters
[0.717s] Level 1:colcon.colcon_core.package_discovery:discover_packages(colcon_meta) discover
[0.717s] Level 1:colcon.colcon_core.package_discovery:discover_packages(recursive) discover
[0.717s] INFO:colcon.colcon_core.package_discovery:Crawling recursively for packages in '/home/robot/hermann_ws'
[0.717s] Level 1:colcon.colcon_core.package_identification:_identify(.) by extensions ['ignore', 'ignore_ament_install']
[0.718s] Level 1:colcon.colcon_core.package_identification:_identify(.) by extension 'ignore'
[0.718s] Level 1:colcon.colcon_core.package_identification:_identify(.) by extension 'ignore_ament_install'
[0.718s] Level 1:colcon.colcon_core.package_identification:_identify(.) by extensions ['colcon_pkg']
[0.719s] Level 1:colcon.colcon_core.package_identification:_identify(.) by extension 'colcon_pkg'
[0.719s] Level 1:colcon.colcon_core.package_identification:_identify(.) by extensions ['colcon_meta']
[0.719s] Level 1:colcon.colcon_core.package_identification:_identify(.) by extension 'colcon_meta'
[0.719s] Level 1:colcon.colcon_core.package_identification:_identify(.) by extensions ['ros']
[0.719s] Level 1:colcon.colcon_core.package_identification:_identify(.) by extension 'ros'
[0.825s] Level 1:colcon.colcon_core.package_identification:_identify(.) by extensions ['cmake', 'python']
[0.825s] Level 1:colcon.colcon_core.package_identification:_identify(.) by extension 'cmake'
[0.826s] Level 1:colcon.colcon_core.package_identification:_identify(.) by extension 'python'
[0.826s] Level 1:colcon.colcon_core.package_identification:_identify(.) by extensions ['python_setup_py']
[0.826s] Level 1:colcon.colcon_core.package_identification:_identify(.) by extension 'python_setup_py'
[0.827s] Level 1:colcon.colcon_core.package_identification:_identify(build) by extensions ['ignore', 'ignore_ament_install']
[0.827s] Level 1:colcon.colcon_core.package_identification:_identify(build) by extension 'ignore'
[0.827s] Level 1:colcon.colcon_core.package_identification:_identify(build) ignored
[0.828s] Level 1:colcon.colcon_core.package_identification:_identify(images) by extensions ['ignore', 'ignore_ament_install']
[0.828s] Level 1:colcon.colcon_core.package_identification:_identify(images) by extension 'ignore'
[0.828s] Level 1:colcon.colcon_core.package_identification:_identify(images) by extension 'ignore_ament_install'
[0.829s] Level 1:colcon.colcon_core.package_identification:_identify(images) by extensions ['colcon_pkg']
[0.829s] Level 1:colcon.colcon_core.package_identification:_identify(images) by extension 'colcon_pkg'
[0.829s] Level 1:colcon.colcon_core.package_identification:_identify(images) by extensions ['colcon_meta']
[0.829s] Level 1:colcon.colcon_core.package_identification:_identify(images) by extension 'colcon_meta'
[0.829s] Level 1:colcon.colcon_core.package_identification:_identify(images) by extensions ['ros']
[0.829s] Level 1:colcon.colcon_core.package_identification:_identify(images) by extension 'ros'
[0.830s] Level 1:colcon.colcon_core.package_identification:_identify(images) by extensions ['cmake', 'python']
[0.830s] Level 1:colcon.colcon_core.package_identification:_identify(images) by extension 'cmake'
[0.830s] Level 1:colcon.colcon_core.package_identification:_identify(images) by extension 'python'
[0.830s] Level 1:colcon.colcon_core.package_identification:_identify(images) by extensions ['python_setup_py']
[0.830s] Level 1:colcon.colcon_core.package_identification:_identify(images) by extension 'python_setup_py'
[0.831s] Level 1:colcon.colcon_core.package_identification:_identify(install) by extensions ['ignore', 'ignore_ament_install']
[0.831s] Level 1:colcon.colcon_core.package_identification:_identify(install) by extension 'ignore'
[0.831s] Level 1:colcon.colcon_core.package_identification:_identify(install) ignored
[0.832s] Level 1:colcon.colcon_core.package_identification:_identify(log) by extensions ['ignore', 'ignore_ament_install']
[0.832s] Level 1:colcon.colcon_core.package_identification:_identify(log) by extension 'ignore'
[0.832s] Level 1:colcon.colcon_core.package_identification:_identify(log) ignored
[0.833s] Level 1:colcon.colcon_core.package_identification:_identify(src) by extensions ['ignore', 'ignore_ament_install']
[0.833s] Level 1:colcon.colcon_core.package_identification:_identify(src) by extension 'ignore'
[0.833s] Level 1:colcon.colcon_core.package_identification:_identify(src) by extension 'ignore_ament_install'
[0.834s] Level 1:colcon.colcon_core.package_identification:_identify(src) by extensions ['colcon_pkg']
[0.834s] Level 1:colcon.colcon_core.package_identification:_identify(src) by extension 'colcon_pkg'
[0.834s] Level 1:colcon.colcon_core.package_identification:_identify(src) by extensions ['colcon_meta']
[0.834s] Level 1:colcon.colcon_core.package_identification:_identify(src) by extension 'colcon_meta'
[0.834s] Level 1:colcon.colcon_core.package_identification:_identify(src) by extensions ['ros']
[0.834s] Level 1:colcon.colcon_core.package_identification:_identify(src) by extension 'ros'
[0.835s] Level 1:colcon.colcon_core.package_identification:_identify(src) by extensions ['cmake', 'python']
[0.835s] Level 1:colcon.colcon_core.package_identification:_identify(src) by extension 'cmake'
[0.835s] Level 1:colcon.colcon_core.package_identification:_identify(src) by extension 'python'
[0.835s] Level 1:colcon.colcon_core.package_identification:_identify(src) by extensions ['python_setup_py']
[0.835s] Level 1:colcon.colcon_core.package_identification:_identify(src) by extension 'python_setup_py'
[0.836s] Level 1:colcon.colcon_core.package_identification:_identify(src/odometry_ir_reader) by extensions ['ignore', 'ignore_ament_install']
[0.836s] Level 1:colcon.colcon_core.package_identification:_identify(src/odometry_ir_reader) by extension 'ignore'
[0.836s] Level 1:colcon.colcon_core.package_identification:_identify(src/odometry_ir_reader) by extension 'ignore_ament_install'
[0.837s] Level 1:colcon.colcon_core.package_identification:_identify(src/odometry_ir_reader) by extensions ['colcon_pkg']
[0.837s] Level 1:colcon.colcon_core.package_identification:_identify(src/odometry_ir_reader) by extension 'colcon_pkg'
[0.837s] Level 1:colcon.colcon_core.package_identification:_identify(src/odometry_ir_reader) by extensions ['colcon_meta']
[0.837s] Level 1:colcon.colcon_core.package_identification:_identify(src/odometry_ir_reader) by extension 'colcon_meta'
[0.837s] Level 1:colcon.colcon_core.package_identification:_identify(src/odometry_ir_reader) by extensions ['ros']
[0.837s] Level 1:colcon.colcon_core.package_identification:_identify(src/odometry_ir_reader) by extension 'ros'
[0.846s] DEBUG:colcon.colcon_core.package_identification:Package 'src/odometry_ir_reader' with type 'ros.ament_python' and name 'odometry_ir_reader'
[0.846s] Level 1:colcon.colcon_core.package_discovery:discover_packages(recursive) using defaults
[0.846s] Level 1:colcon.colcon_core.package_discovery:discover_packages(ignore) discover
[0.846s] Level 1:colcon.colcon_core.package_discovery:discover_packages(ignore) using defaults
[0.846s] Level 1:colcon.colcon_core.package_discovery:discover_packages(path) discover
[0.846s] Level 1:colcon.colcon_core.package_discovery:discover_packages(path) using defaults
[0.918s] Level 1:colcon.colcon_core.package_discovery:discover_packages(prefix_path) check parameters
[0.918s] Level 1:colcon.colcon_core.package_discovery:discover_packages(prefix_path) discover
[0.929s] DEBUG:colcon.colcon_installed_package_information.package_discovery:Found 1 installed packages in /home/robot/hermann_ws/install
[0.931s] DEBUG:colcon.colcon_installed_package_information.package_discovery:Found 1 installed packages in /home/robot/ros2_ws/install
[0.934s] DEBUG:colcon.colcon_installed_package_information.package_discovery:Found 6 installed packages in /home/robot/create3_examples_ws/install
[0.945s] DEBUG:colcon.colcon_installed_package_information.package_discovery:Found 297 installed packages in /opt/ros/jazzy
[0.953s] Level 1:colcon.colcon_core.package_discovery:discover_packages(prefix_path) using defaults
[1.165s] Level 5:colcon.colcon_core.verb:set package 'odometry_ir_reader' build argument 'cmake_args' from command line to 'None'
[1.166s] Level 5:colcon.colcon_core.verb:set package 'odometry_ir_reader' build argument 'cmake_target' from command line to 'None'
[1.166s] Level 5:colcon.colcon_core.verb:set package 'odometry_ir_reader' build argument 'cmake_target_skip_unavailable' from command line to 'False'
[1.166s] Level 5:colcon.colcon_core.verb:set package 'odometry_ir_reader' build argument 'cmake_clean_cache' from command line to 'False'
[1.166s] Level 5:colcon.colcon_core.verb:set package 'odometry_ir_reader' build argument 'cmake_clean_first' from command line to 'False'
[1.166s] Level 5:colcon.colcon_core.verb:set package 'odometry_ir_reader' build argument 'cmake_force_configure' from command line to 'False'
[1.166s] Level 5:colcon.colcon_core.verb:set package 'odometry_ir_reader' build argument 'ament_cmake_args' from command line to 'None'
[1.166s] Level 5:colcon.colcon_core.verb:set package 'odometry_ir_reader' build argument 'catkin_cmake_args' from command line to 'None'
[1.166s] Level 5:colcon.colcon_core.verb:set package 'odometry_ir_reader' build argument 'catkin_skip_building_tests' from command line to 'False'
[1.167s] DEBUG:colcon.colcon_core.verb:Building package 'odometry_ir_reader' with the following arguments: {'ament_cmake_args': None, 'build_base': '/home/robot/hermann_ws/build/odometry_ir_reader', 'catkin_cmake_args': None, 'catkin_skip_building_tests': False, 'cmake_args': None, 'cmake_clean_cache': False, 'cmake_clean_first': False, 'cmake_force_configure': False, 'cmake_target': None, 'cmake_target_skip_unavailable': False, 'install_base': '/home/robot/hermann_ws/install/odometry_ir_reader', 'merge_install': False, 'path': '/home/robot/hermann_ws/src/odometry_ir_reader', 'symlink_install': False, 'test_result_base': None}
[1.167s] INFO:colcon.colcon_core.executor:Executing jobs using 'parallel' executor
[1.170s] DEBUG:colcon.colcon_parallel_executor.executor.parallel:run_until_complete
[1.171s] INFO:colcon.colcon_ros.task.ament_python.build:Building ROS package in '/home/robot/hermann_ws/src/odometry_ir_reader' with build type 'ament_python'
[1.172s] Level 1:colcon.colcon_core.shell:create_environment_hook('odometry_ir_reader', 'ament_prefix_path')
[1.181s] INFO:colcon.colcon_core.plugin_system:Skipping extension 'colcon_core.shell.bat': Not used on non-Windows systems
[1.182s] INFO:colcon.colcon_core.shell:Creating environment hook '/home/robot/hermann_ws/install/odometry_ir_reader/share/odometry_ir_reader/hook/ament_prefix_path.ps1'
[1.185s] INFO:colcon.colcon_core.shell:Creating environment descriptor '/home/robot/hermann_ws/install/odometry_ir_reader/share/odometry_ir_reader/hook/ament_prefix_path.dsv'
[1.187s] INFO:colcon.colcon_core.shell:Creating environment hook '/home/robot/hermann_ws/install/odometry_ir_reader/share/odometry_ir_reader/hook/ament_prefix_path.sh'
[1.191s] INFO:colcon.colcon_core.shell:Skip shell extension 'powershell' for command environment: Not usable outside of PowerShell
[1.191s] DEBUG:colcon.colcon_core.shell:Skip shell extension 'dsv' for command environment
[2.218s] INFO:colcon.colcon_core.task.python.build:Building Python package in '/home/robot/hermann_ws/src/odometry_ir_reader'
[2.219s] INFO:colcon.colcon_core.shell:Skip shell extension 'powershell' for command environment: Not usable outside of PowerShell
[2.219s] DEBUG:colcon.colcon_core.shell:Skip shell extension 'dsv' for command environment
[5.065s] DEBUG:colcon.colcon_core.event_handler.log_command:Invoking command in '/home/robot/hermann_ws/src/odometry_ir_reader': PYTHONPATH=/home/robot/hermann_ws/build/odometry_ir_reader/prefix_override:/usr/lib/python3/dist-packages/colcon_core/task/python/colcon_distutils_commands:/home/robot/hermann_ws/install/odometry_ir_reader/lib/python3.12/site-packages:${PYTHONPATH} /usr/bin/python3 -W ignore:setup.py install is deprecated -W ignore:easy_install command is deprecated setup.py egg_info --egg-base ../../build/odometry_ir_reader build --build-base /home/robot/hermann_ws/build/odometry_ir_reader/build install --record /home/robot/hermann_ws/build/odometry_ir_reader/install.log --single-version-externally-managed install_data
[7.705s] DEBUG:colcon.colcon_core.event_handler.log_command:Invoked command in '/home/robot/hermann_ws/src/odometry_ir_reader' returned '0': PYTHONPATH=/home/robot/hermann_ws/build/odometry_ir_reader/prefix_override:/usr/lib/python3/dist-packages/colcon_core/task/python/colcon_distutils_commands:/home/robot/hermann_ws/install/odometry_ir_reader/lib/python3.12/site-packages:${PYTHONPATH} /usr/bin/python3 -W ignore:setup.py install is deprecated -W ignore:easy_install command is deprecated setup.py egg_info --egg-base ../../build/odometry_ir_reader build --build-base /home/robot/hermann_ws/build/odometry_ir_reader/build install --record /home/robot/hermann_ws/build/odometry_ir_reader/install.log --single-version-externally-managed install_data
[7.716s] Level 1:colcon.colcon_core.environment:checking '/home/robot/hermann_ws/install/odometry_ir_reader' for CMake module files
[7.719s] Level 1:colcon.colcon_core.environment:checking '/home/robot/hermann_ws/install/odometry_ir_reader' for CMake config files
[7.723s] Level 1:colcon.colcon_core.environment:checking '/home/robot/hermann_ws/install/odometry_ir_reader/lib'
[7.724s] Level 1:colcon.colcon_core.environment:checking '/home/robot/hermann_ws/install/odometry_ir_reader/bin'
[7.724s] Level 1:colcon.colcon_core.environment:checking '/home/robot/hermann_ws/install/odometry_ir_reader/lib/pkgconfig/odometry_ir_reader.pc'
[7.725s] Level 1:colcon.colcon_core.environment:checking '/home/robot/hermann_ws/install/odometry_ir_reader/lib/python3.12/site-packages'
[7.726s] Level 1:colcon.colcon_core.shell:create_environment_hook('odometry_ir_reader', 'pythonpath')
[7.726s] INFO:colcon.colcon_core.shell:Creating environment hook '/home/robot/hermann_ws/install/odometry_ir_reader/share/odometry_ir_reader/hook/pythonpath.ps1'
[7.728s] INFO:colcon.colcon_core.shell:Creating environment descriptor '/home/robot/hermann_ws/install/odometry_ir_reader/share/odometry_ir_reader/hook/pythonpath.dsv'
[7.730s] INFO:colcon.colcon_core.shell:Creating environment hook '/home/robot/hermann_ws/install/odometry_ir_reader/share/odometry_ir_reader/hook/pythonpath.sh'
[7.734s] Level 1:colcon.colcon_core.environment:checking '/home/robot/hermann_ws/install/odometry_ir_reader/bin'
[7.734s] Level 1:colcon.colcon_core.environment:create_environment_scripts_only(odometry_ir_reader)
[7.735s] INFO:colcon.colcon_core.shell:Creating package script '/home/robot/hermann_ws/install/odometry_ir_reader/share/odometry_ir_reader/package.ps1'
[7.739s] INFO:colcon.colcon_core.shell:Creating package descriptor '/home/robot/hermann_ws/install/odometry_ir_reader/share/odometry_ir_reader/package.dsv'
[7.757s] INFO:colcon.colcon_core.shell:Creating package script '/home/robot/hermann_ws/install/odometry_ir_reader/share/odometry_ir_reader/package.sh'
[7.763s] INFO:colcon.colcon_core.shell:Creating package script '/home/robot/hermann_ws/install/odometry_ir_reader/share/odometry_ir_reader/package.bash'
[7.768s] INFO:colcon.colcon_core.shell:Creating package script '/home/robot/hermann_ws/install/odometry_ir_reader/share/odometry_ir_reader/package.zsh'
[7.771s] Level 1:colcon.colcon_core.environment:create_file_with_runtime_dependencies(/home/robot/hermann_ws/install/odometry_ir_reader/share/colcon-core/packages/odometry_ir_reader)
[7.773s] DEBUG:colcon.colcon_parallel_executor.executor.parallel:closing loop
[7.774s] DEBUG:colcon.colcon_parallel_executor.executor.parallel:loop closed
[7.774s] DEBUG:colcon.colcon_parallel_executor.executor.parallel:run_until_complete finished with '0'
[7.775s] DEBUG:colcon.colcon_core.event_reactor:joining thread
[7.776s] DEBUG:colcon.colcon_core.event_reactor:joined thread
[7.777s] INFO:colcon.colcon_core.shell:Creating prefix script '/home/robot/hermann_ws/install/local_setup.ps1'
[7.780s] INFO:colcon.colcon_core.shell:Creating prefix util module '/home/robot/hermann_ws/install/_local_setup_util_ps1.py'
[7.785s] INFO:colcon.colcon_core.shell:Creating prefix chain script '/home/robot/hermann_ws/install/setup.ps1'
[7.792s] INFO:colcon.colcon_core.shell:Creating prefix script '/home/robot/hermann_ws/install/local_setup.sh'
[7.795s] INFO:colcon.colcon_core.shell:Creating prefix util module '/home/robot/hermann_ws/install/_local_setup_util_sh.py'
[7.798s] INFO:colcon.colcon_core.shell:Creating prefix chain script '/home/robot/hermann_ws/install/setup.sh'
[7.804s] INFO:colcon.colcon_core.shell:Creating prefix script '/home/robot/hermann_ws/install/local_setup.bash'
[7.806s] INFO:colcon.colcon_core.shell:Creating prefix chain script '/home/robot/hermann_ws/install/setup.bash'
[7.812s] INFO:colcon.colcon_core.shell:Creating prefix script '/home/robot/hermann_ws/install/local_setup.zsh'
[7.835s] INFO:colcon.colcon_core.shell:Creating prefix chain script '/home/robot/hermann_ws/install/setup.zsh'
