[3.898s] Invoking command in '/home/robot/minotaurobot_oleh_ws/src/shmove_pkg': PYTHONPATH=/home/robot/minotaurobot_oleh_ws/build/shmove_pkg/prefix_override:/usr/lib/python3/dist-packages/colcon_core/task/python/colcon_distutils_commands:/home/robot/minotaurobot_oleh_ws/install/shmove_pkg/lib/python3.12/site-packages:${PYTHONPATH} /usr/bin/python3 -W ignore:setup.py install is deprecated -W ignore:easy_install command is deprecated setup.py egg_info --egg-base ../../build/shmove_pkg build --build-base /home/robot/minotaurobot_oleh_ws/build/shmove_pkg/build install --record /home/robot/minotaurobot_oleh_ws/build/shmove_pkg/install.log --single-version-externally-managed install_data
[5.158s] running egg_info
[5.251s] writing ../../build/shmove_pkg/shmove_pkg.egg-info/PKG-INFO
[5.252s] writing dependency_links to ../../build/shmove_pkg/shmove_pkg.egg-info/dependency_links.txt
[5.254s] writing entry points to ../../build/shmove_pkg/shmove_pkg.egg-info/entry_points.txt
[5.255s] writing requirements to ../../build/shmove_pkg/shmove_pkg.egg-info/requires.txt
[5.256s] writing top-level names to ../../build/shmove_pkg/shmove_pkg.egg-info/top_level.txt
[5.447s] reading manifest file '../../build/shmove_pkg/shmove_pkg.egg-info/SOURCES.txt'
[5.450s] writing manifest file '../../build/shmove_pkg/shmove_pkg.egg-info/SOURCES.txt'
[5.451s] running build
[5.452s] running build_py
[5.453s] copying shmove_pkg/wall_shmover.py -> /home/robot/minotaurobot_oleh_ws/build/shmove_pkg/build/lib/shmove_pkg
[5.456s] running install
[5.480s] running install_lib
[5.572s] copying /home/robot/minotaurobot_oleh_ws/build/shmove_pkg/build/lib/shmove_pkg/wall_shmover.py -> /home/robot/minotaurobot_oleh_ws/install/shmove_pkg/lib/python3.12/site-packages/shmove_pkg
[5.577s] byte-compiling /home/robot/minotaurobot_oleh_ws/install/shmove_pkg/lib/python3.12/site-packages/shmove_pkg/wall_shmover.py to wall_shmover.cpython-312.pyc
[5.581s] running install_data
[5.581s] running install_egg_info
[5.677s] removing '/home/robot/minotaurobot_oleh_ws/install/shmove_pkg/lib/python3.12/site-packages/shmove_pkg-0.0.0-py3.12.egg-info' (and everything under it)
[5.680s] Copying ../../build/shmove_pkg/shmove_pkg.egg-info to /home/robot/minotaurobot_oleh_ws/install/shmove_pkg/lib/python3.12/site-packages/shmove_pkg-0.0.0-py3.12.egg-info
[5.689s] running install_scripts
[6.399s] Installing go_to_goal script to /home/robot/minotaurobot_oleh_ws/install/shmove_pkg/lib/shmove_pkg
[6.400s] Installing shmover script to /home/robot/minotaurobot_oleh_ws/install/shmove_pkg/lib/shmove_pkg
[6.401s] Installing shmoving_algorithm_1 script to /home/robot/minotaurobot_oleh_ws/install/shmove_pkg/lib/shmove_pkg
[6.402s] Installing test script to /home/robot/minotaurobot_oleh_ws/install/shmove_pkg/lib/shmove_pkg
[6.403s] Installing wall_follower script to /home/robot/minotaurobot_oleh_ws/install/shmove_pkg/lib/shmove_pkg
[6.404s] Installing wall_shmover script to /home/robot/minotaurobot_oleh_ws/install/shmove_pkg/lib/shmove_pkg
[6.406s] writing list of installed files to '/home/robot/minotaurobot_oleh_ws/build/shmove_pkg/install.log'
[6.571s] Invoked command in '/home/robot/minotaurobot_oleh_ws/src/shmove_pkg' returned '0': PYTHONPATH=/home/robot/minotaurobot_oleh_ws/build/shmove_pkg/prefix_override:/usr/lib/python3/dist-packages/colcon_core/task/python/colcon_distutils_commands:/home/robot/minotaurobot_oleh_ws/install/shmove_pkg/lib/python3.12/site-packages:${PYTHONPATH} /usr/bin/python3 -W ignore:setup.py install is deprecated -W ignore:easy_install command is deprecated setup.py egg_info --egg-base ../../build/shmove_pkg build --build-base /home/robot/minotaurobot_oleh_ws/build/shmove_pkg/build install --record /home/robot/minotaurobot_oleh_ws/build/shmove_pkg/install.log --single-version-externally-managed install_data
