[3.841s] Invoking command in '/home/robot/minotaurobot_oleh_ws/src/shmove_pkg': PYTHONPATH=/home/robot/minotaurobot_oleh_ws/build/shmove_pkg/prefix_override:/usr/lib/python3/dist-packages/colcon_core/task/python/colcon_distutils_commands:/home/robot/minotaurobot_oleh_ws/install/shmove_pkg/lib/python3.12/site-packages:${PYTHONPATH} /usr/bin/python3 -W ignore:setup.py install is deprecated -W ignore:easy_install command is deprecated setup.py egg_info --egg-base ../../build/shmove_pkg build --build-base /home/robot/minotaurobot_oleh_ws/build/shmove_pkg/build install --record /home/robot/minotaurobot_oleh_ws/build/shmove_pkg/install.log --single-version-externally-managed install_data
[5.102s] running egg_info
[5.194s] writing ../../build/shmove_pkg/shmove_pkg.egg-info/PKG-INFO
[5.195s] writing dependency_links to ../../build/shmove_pkg/shmove_pkg.egg-info/dependency_links.txt
[5.198s] writing entry points to ../../build/shmove_pkg/shmove_pkg.egg-info/entry_points.txt
[5.199s] writing requirements to ../../build/shmove_pkg/shmove_pkg.egg-info/requires.txt
[5.200s] writing top-level names to ../../build/shmove_pkg/shmove_pkg.egg-info/top_level.txt
[5.389s] reading manifest file '../../build/shmove_pkg/shmove_pkg.egg-info/SOURCES.txt'
[5.393s] writing manifest file '../../build/shmove_pkg/shmove_pkg.egg-info/SOURCES.txt'
[5.394s] running build
[5.394s] running build_py
[5.395s] copying shmove_pkg/wall_follower.py -> /home/robot/minotaurobot_oleh_ws/build/shmove_pkg/build/lib/shmove_pkg
[5.397s] running install
[5.422s] running install_lib
[5.516s] copying /home/robot/minotaurobot_oleh_ws/build/shmove_pkg/build/lib/shmove_pkg/wall_follower.py -> /home/robot/minotaurobot_oleh_ws/install/shmove_pkg/lib/python3.12/site-packages/shmove_pkg
[5.520s] byte-compiling /home/robot/minotaurobot_oleh_ws/install/shmove_pkg/lib/python3.12/site-packages/shmove_pkg/wall_follower.py to wall_follower.cpython-312.pyc
[5.522s] running install_data
[5.523s] running install_egg_info
[5.622s] removing '/home/robot/minotaurobot_oleh_ws/install/shmove_pkg/lib/python3.12/site-packages/shmove_pkg-0.0.0-py3.12.egg-info' (and everything under it)
[5.624s] Copying ../../build/shmove_pkg/shmove_pkg.egg-info to /home/robot/minotaurobot_oleh_ws/install/shmove_pkg/lib/python3.12/site-packages/shmove_pkg-0.0.0-py3.12.egg-info
[5.633s] running install_scripts
[6.328s] Installing code script to /home/robot/minotaurobot_oleh_ws/install/shmove_pkg/lib/shmove_pkg
[6.329s] Installing test script to /home/robot/minotaurobot_oleh_ws/install/shmove_pkg/lib/shmove_pkg
[6.330s] Installing wall_follower script to /home/robot/minotaurobot_oleh_ws/install/shmove_pkg/lib/shmove_pkg
[6.332s] writing list of installed files to '/home/robot/minotaurobot_oleh_ws/build/shmove_pkg/install.log'
[6.476s] Invoked command in '/home/robot/minotaurobot_oleh_ws/src/shmove_pkg' returned '0': PYTHONPATH=/home/robot/minotaurobot_oleh_ws/build/shmove_pkg/prefix_override:/usr/lib/python3/dist-packages/colcon_core/task/python/colcon_distutils_commands:/home/robot/minotaurobot_oleh_ws/install/shmove_pkg/lib/python3.12/site-packages:${PYTHONPATH} /usr/bin/python3 -W ignore:setup.py install is deprecated -W ignore:easy_install command is deprecated setup.py egg_info --egg-base ../../build/shmove_pkg build --build-base /home/robot/minotaurobot_oleh_ws/build/shmove_pkg/build install --record /home/robot/minotaurobot_oleh_ws/build/shmove_pkg/install.log --single-version-externally-managed install_data
