[0.789s] DEBUG:colcon:Command line arguments: ['/usr/bin/colcon', 'build']
[0.790s] DEBUG:colcon:Parsed command line arguments: Namespace(log_base=None, log_level=None, verb_name='build', build_base='build', install_base='install', merge_install=False, symlink_install=False, test_result_base=None, continue_on_error=False, executor='parallel', parallel_workers=4, event_handlers=None, ignore_user_meta=False, metas=['./colcon.meta'], base_paths=['.'], packages_ignore=None, packages_ignore_regex=None, paths=None, packages_up_to=None, packages_up_to_regex=None, packages_above=None, packages_above_and_dependencies=None, packages_above_depth=None, packages_select_by_dep=None, packages_skip_by_dep=None, packages_skip_up_to=None, packages_select_build_failed=False, packages_skip_build_finished=False, packages_select_test_failures=False, packages_skip_test_passed=False, packages_select=None, packages_skip=None, packages_select_regex=None, packages_skip_regex=None, packages_start=None, packages_end=None, allow_overriding=[], cmake_args=None, cmake_target=None, cmake_target_skip_unavailable=False, cmake_clean_cache=False, cmake_clean_first=False, cmake_force_configure=False, ament_cmake_args=None, catkin_cmake_args=None, catkin_skip_building_tests=False, mixin_files=None, mixin=None, verb_parser=<colcon_mixin.mixin.mixin_argument.MixinArgumentDecorator object at 0xffffaad5eea0>, verb_extension=<colcon_core.verb.build.BuildVerb object at 0xffffaaf17740>, main=<bound method BuildVerb.main of <colcon_core.verb.build.BuildVerb object at 0xffffaaf17740>>, mixin_verb=('build',))
[1.098s] Level 1:colcon.colcon_core.package_discovery:discover_packages(colcon_meta) check parameters
[1.098s] Level 1:colcon.colcon_core.package_discovery:discover_packages(recursive) check parameters
[1.099s] Level 1:colcon.colcon_core.package_discovery:discover_packages(ignore) check parameters
[1.099s] Level 1:colcon.colcon_core.package_discovery:discover_packages(path) check parameters
[1.099s] Level 1:colcon.colcon_core.package_discovery:discover_packages(colcon_meta) discover
[1.099s] Level 1:colcon.colcon_core.package_discovery:discover_packages(recursive) discover
[1.099s] INFO:colcon.colcon_core.package_discovery:Crawling recursively for packages in '/home/robot/minotaurobot_oleh_ws'
[1.100s] Level 1:colcon.colcon_core.package_identification:_identify(.) by extensions ['ignore', 'ignore_ament_install']
[1.100s] Level 1:colcon.colcon_core.package_identification:_identify(.) by extension 'ignore'
[1.101s] Level 1:colcon.colcon_core.package_identification:_identify(.) by extension 'ignore_ament_install'
[1.101s] Level 1:colcon.colcon_core.package_identification:_identify(.) by extensions ['colcon_pkg']
[1.101s] Level 1:colcon.colcon_core.package_identification:_identify(.) by extension 'colcon_pkg'
[1.102s] Level 1:colcon.colcon_core.package_identification:_identify(.) by extensions ['colcon_meta']
[1.102s] Level 1:colcon.colcon_core.package_identification:_identify(.) by extension 'colcon_meta'
[1.102s] Level 1:colcon.colcon_core.package_identification:_identify(.) by extensions ['ros']
[1.102s] Level 1:colcon.colcon_core.package_identification:_identify(.) by extension 'ros'
[1.253s] Level 1:colcon.colcon_core.package_identification:_identify(.) by extensions ['cmake', 'python']
[1.253s] Level 1:colcon.colcon_core.package_identification:_identify(.) by extension 'cmake'
[1.254s] Level 1:colcon.colcon_core.package_identification:_identify(.) by extension 'python'
[1.254s] Level 1:colcon.colcon_core.package_identification:_identify(.) by extensions ['python_setup_py']
[1.254s] Level 1:colcon.colcon_core.package_identification:_identify(.) by extension 'python_setup_py'
[1.255s] Level 1:colcon.colcon_core.package_identification:_identify(build) by extensions ['ignore', 'ignore_ament_install']
[1.255s] Level 1:colcon.colcon_core.package_identification:_identify(build) by extension 'ignore'
[1.255s] Level 1:colcon.colcon_core.package_identification:_identify(build) ignored
[1.256s] Level 1:colcon.colcon_core.package_identification:_identify(images) by extensions ['ignore', 'ignore_ament_install']
[1.256s] Level 1:colcon.colcon_core.package_identification:_identify(images) by extension 'ignore'
[1.256s] Level 1:colcon.colcon_core.package_identification:_identify(images) by extension 'ignore_ament_install'
[1.257s] Level 1:colcon.colcon_core.package_identification:_identify(images) by extensions ['colcon_pkg']
[1.257s] Level 1:colcon.colcon_core.package_identification:_identify(images) by extension 'colcon_pkg'
[1.257s] Level 1:colcon.colcon_core.package_identification:_identify(images) by extensions ['colcon_meta']
[1.257s] Level 1:colcon.colcon_core.package_identification:_identify(images) by extension 'colcon_meta'
[1.257s] Level 1:colcon.colcon_core.package_identification:_identify(images) by extensions ['ros']
[1.258s] Level 1:colcon.colcon_core.package_identification:_identify(images) by extension 'ros'
[1.258s] Level 1:colcon.colcon_core.package_identification:_identify(images) by extensions ['cmake', 'python']
[1.258s] Level 1:colcon.colcon_core.package_identification:_identify(images) by extension 'cmake'
[1.258s] Level 1:colcon.colcon_core.package_identification:_identify(images) by extension 'python'
[1.259s] Level 1:colcon.colcon_core.package_identification:_identify(images) by extensions ['python_setup_py']
[1.259s] Level 1:colcon.colcon_core.package_identification:_identify(images) by extension 'python_setup_py'
[1.259s] Level 1:colcon.colcon_core.package_identification:_identify(install) by extensions ['ignore', 'ignore_ament_install']
[1.260s] Level 1:colcon.colcon_core.package_identification:_identify(install) by extension 'ignore'
[1.260s] Level 1:colcon.colcon_core.package_identification:_identify(install) ignored
[1.260s] Level 1:colcon.colcon_core.package_identification:_identify(log) by extensions ['ignore', 'ignore_ament_install']
[1.261s] Level 1:colcon.colcon_core.package_identification:_identify(log) by extension 'ignore'
[1.261s] Level 1:colcon.colcon_core.package_identification:_identify(log) ignored
[1.261s] Level 1:colcon.colcon_core.package_identification:_identify(src) by extensions ['ignore', 'ignore_ament_install']
[1.261s] Level 1:colcon.colcon_core.package_identification:_identify(src) by extension 'ignore'
[1.262s] Level 1:colcon.colcon_core.package_identification:_identify(src) by extension 'ignore_ament_install'
[1.262s] Level 1:colcon.colcon_core.package_identification:_identify(src) by extensions ['colcon_pkg']
[1.262s] Level 1:colcon.colcon_core.package_identification:_identify(src) by extension 'colcon_pkg'
[1.262s] Level 1:colcon.colcon_core.package_identification:_identify(src) by extensions ['colcon_meta']
[1.262s] Level 1:colcon.colcon_core.package_identification:_identify(src) by extension 'colcon_meta'
[1.263s] Level 1:colcon.colcon_core.package_identification:_identify(src) by extensions ['ros']
[1.263s] Level 1:colcon.colcon_core.package_identification:_identify(src) by extension 'ros'
[1.263s] Level 1:colcon.colcon_core.package_identification:_identify(src) by extensions ['cmake', 'python']
[1.263s] Level 1:colcon.colcon_core.package_identification:_identify(src) by extension 'cmake'
[1.264s] Level 1:colcon.colcon_core.package_identification:_identify(src) by extension 'python'
[1.264s] Level 1:colcon.colcon_core.package_identification:_identify(src) by extensions ['python_setup_py']
[1.264s] Level 1:colcon.colcon_core.package_identification:_identify(src) by extension 'python_setup_py'
[1.265s] Level 1:colcon.colcon_core.package_identification:_identify(src/shmove_pkg) by extensions ['ignore', 'ignore_ament_install']
[1.265s] Level 1:colcon.colcon_core.package_identification:_identify(src/shmove_pkg) by extension 'ignore'
[1.265s] Level 1:colcon.colcon_core.package_identification:_identify(src/shmove_pkg) by extension 'ignore_ament_install'
[1.266s] Level 1:colcon.colcon_core.package_identification:_identify(src/shmove_pkg) by extensions ['colcon_pkg']
[1.266s] Level 1:colcon.colcon_core.package_identification:_identify(src/shmove_pkg) by extension 'colcon_pkg'
[1.266s] Level 1:colcon.colcon_core.package_identification:_identify(src/shmove_pkg) by extensions ['colcon_meta']
[1.266s] Level 1:colcon.colcon_core.package_identification:_identify(src/shmove_pkg) by extension 'colcon_meta'
[1.266s] Level 1:colcon.colcon_core.package_identification:_identify(src/shmove_pkg) by extensions ['ros']
[1.266s] Level 1:colcon.colcon_core.package_identification:_identify(src/shmove_pkg) by extension 'ros'
[1.280s] DEBUG:colcon.colcon_core.package_identification:Package 'src/shmove_pkg' with type 'ros.ament_python' and name 'shmove_pkg'
[1.280s] Level 1:colcon.colcon_core.package_discovery:discover_packages(recursive) using defaults
[1.280s] Level 1:colcon.colcon_core.package_discovery:discover_packages(ignore) discover
[1.280s] Level 1:colcon.colcon_core.package_discovery:discover_packages(ignore) using defaults
[1.281s] Level 1:colcon.colcon_core.package_discovery:discover_packages(path) discover
[1.281s] Level 1:colcon.colcon_core.package_discovery:discover_packages(path) using defaults
[1.390s] Level 1:colcon.colcon_core.package_discovery:discover_packages(prefix_path) check parameters
[1.390s] Level 1:colcon.colcon_core.package_discovery:discover_packages(prefix_path) discover
[1.412s] DEBUG:colcon.colcon_installed_package_information.package_discovery:Found 1 installed packages in /home/robot/hermann_ws/install
[1.414s] DEBUG:colcon.colcon_installed_package_information.package_discovery:Found 1 installed packages in /home/robot/ros2_ws/install
[1.418s] DEBUG:colcon.colcon_installed_package_information.package_discovery:Found 6 installed packages in /home/robot/create3_examples_ws/install
[1.430s] DEBUG:colcon.colcon_installed_package_information.package_discovery:Found 297 installed packages in /opt/ros/jazzy
[1.438s] Level 1:colcon.colcon_core.package_discovery:discover_packages(prefix_path) using defaults
[1.656s] Level 5:colcon.colcon_core.verb:set package 'shmove_pkg' build argument 'cmake_args' from command line to 'None'
[1.657s] Level 5:colcon.colcon_core.verb:set package 'shmove_pkg' build argument 'cmake_target' from command line to 'None'
[1.657s] Level 5:colcon.colcon_core.verb:set package 'shmove_pkg' build argument 'cmake_target_skip_unavailable' from command line to 'False'
[1.657s] Level 5:colcon.colcon_core.verb:set package 'shmove_pkg' build argument 'cmake_clean_cache' from command line to 'False'
[1.657s] Level 5:colcon.colcon_core.verb:set package 'shmove_pkg' build argument 'cmake_clean_first' from command line to 'False'
[1.657s] Level 5:colcon.colcon_core.verb:set package 'shmove_pkg' build argument 'cmake_force_configure' from command line to 'False'
[1.657s] Level 5:colcon.colcon_core.verb:set package 'shmove_pkg' build argument 'ament_cmake_args' from command line to 'None'
[1.657s] Level 5:colcon.colcon_core.verb:set package 'shmove_pkg' build argument 'catkin_cmake_args' from command line to 'None'
[1.657s] Level 5:colcon.colcon_core.verb:set package 'shmove_pkg' build argument 'catkin_skip_building_tests' from command line to 'False'
[1.657s] DEBUG:colcon.colcon_core.verb:Building package 'shmove_pkg' with the following arguments: {'ament_cmake_args': None, 'build_base': '/home/robot/minotaurobot_oleh_ws/build/shmove_pkg', 'catkin_cmake_args': None, 'catkin_skip_building_tests': False, 'cmake_args': None, 'cmake_clean_cache': False, 'cmake_clean_first': False, 'cmake_force_configure': False, 'cmake_target': None, 'cmake_target_skip_unavailable': False, 'install_base': '/home/robot/minotaurobot_oleh_ws/install/shmove_pkg', 'merge_install': False, 'path': '/home/robot/minotaurobot_oleh_ws/src/shmove_pkg', 'symlink_install': False, 'test_result_base': None}
[1.658s] INFO:colcon.colcon_core.executor:Executing jobs using 'parallel' executor
[1.661s] DEBUG:colcon.colcon_parallel_executor.executor.parallel:run_until_complete
[1.662s] INFO:colcon.colcon_ros.task.ament_python.build:Building ROS package in '/home/robot/minotaurobot_oleh_ws/src/shmove_pkg' with build type 'ament_python'
[1.663s] Level 1:colcon.colcon_core.shell:create_environment_hook('shmove_pkg', 'ament_prefix_path')
[1.685s] INFO:colcon.colcon_core.plugin_system:Skipping extension 'colcon_core.shell.bat': Not used on non-Windows systems
[1.686s] INFO:colcon.colcon_core.shell:Creating environment hook '/home/robot/minotaurobot_oleh_ws/install/shmove_pkg/share/shmove_pkg/hook/ament_prefix_path.ps1'
[1.691s] INFO:colcon.colcon_core.shell:Creating environment descriptor '/home/robot/minotaurobot_oleh_ws/install/shmove_pkg/share/shmove_pkg/hook/ament_prefix_path.dsv'
[1.697s] INFO:colcon.colcon_core.shell:Creating environment hook '/home/robot/minotaurobot_oleh_ws/install/shmove_pkg/share/shmove_pkg/hook/ament_prefix_path.sh'
[1.702s] INFO:colcon.colcon_core.shell:Skip shell extension 'powershell' for command environment: Not usable outside of PowerShell
[1.702s] DEBUG:colcon.colcon_core.shell:Skip shell extension 'dsv' for command environment
[2.736s] INFO:colcon.colcon_core.task.python.build:Building Python package in '/home/robot/minotaurobot_oleh_ws/src/shmove_pkg'
[2.737s] INFO:colcon.colcon_core.shell:Skip shell extension 'powershell' for command environment: Not usable outside of PowerShell
[2.737s] DEBUG:colcon.colcon_core.shell:Skip shell extension 'dsv' for command environment
[6.506s] DEBUG:colcon.colcon_core.event_handler.log_command:Invoking command in '/home/robot/minotaurobot_oleh_ws/src/shmove_pkg': PYTHONPATH=/home/robot/minotaurobot_oleh_ws/build/shmove_pkg/prefix_override:/usr/lib/python3/dist-packages/colcon_core/task/python/colcon_distutils_commands:/home/robot/minotaurobot_oleh_ws/install/shmove_pkg/lib/python3.12/site-packages:${PYTHONPATH} /usr/bin/python3 -W ignore:setup.py install is deprecated -W ignore:easy_install command is deprecated setup.py egg_info --egg-base ../../build/shmove_pkg build --build-base /home/robot/minotaurobot_oleh_ws/build/shmove_pkg/build install --record /home/robot/minotaurobot_oleh_ws/build/shmove_pkg/install.log --single-version-externally-managed install_data
[9.152s] DEBUG:colcon.colcon_core.event_handler.log_command:Invoked command in '/home/robot/minotaurobot_oleh_ws/src/shmove_pkg' returned '0': PYTHONPATH=/home/robot/minotaurobot_oleh_ws/build/shmove_pkg/prefix_override:/usr/lib/python3/dist-packages/colcon_core/task/python/colcon_distutils_commands:/home/robot/minotaurobot_oleh_ws/install/shmove_pkg/lib/python3.12/site-packages:${PYTHONPATH} /usr/bin/python3 -W ignore:setup.py install is deprecated -W ignore:easy_install command is deprecated setup.py egg_info --egg-base ../../build/shmove_pkg build --build-base /home/robot/minotaurobot_oleh_ws/build/shmove_pkg/build install --record /home/robot/minotaurobot_oleh_ws/build/shmove_pkg/install.log --single-version-externally-managed install_data
[9.180s] Level 1:colcon.colcon_core.environment:checking '/home/robot/minotaurobot_oleh_ws/install/shmove_pkg' for CMake module files
[9.184s] Level 1:colcon.colcon_core.environment:checking '/home/robot/minotaurobot_oleh_ws/install/shmove_pkg' for CMake config files
[9.189s] Level 1:colcon.colcon_core.environment:checking '/home/robot/minotaurobot_oleh_ws/install/shmove_pkg/lib'
[9.190s] Level 1:colcon.colcon_core.environment:checking '/home/robot/minotaurobot_oleh_ws/install/shmove_pkg/bin'
[9.190s] Level 1:colcon.colcon_core.environment:checking '/home/robot/minotaurobot_oleh_ws/install/shmove_pkg/lib/pkgconfig/shmove_pkg.pc'
[9.191s] Level 1:colcon.colcon_core.environment:checking '/home/robot/minotaurobot_oleh_ws/install/shmove_pkg/lib/python3.12/site-packages'
[9.192s] Level 1:colcon.colcon_core.shell:create_environment_hook('shmove_pkg', 'pythonpath')
[9.193s] INFO:colcon.colcon_core.shell:Creating environment hook '/home/robot/minotaurobot_oleh_ws/install/shmove_pkg/share/shmove_pkg/hook/pythonpath.ps1'
[9.195s] INFO:colcon.colcon_core.shell:Creating environment descriptor '/home/robot/minotaurobot_oleh_ws/install/shmove_pkg/share/shmove_pkg/hook/pythonpath.dsv'
[9.197s] INFO:colcon.colcon_core.shell:Creating environment hook '/home/robot/minotaurobot_oleh_ws/install/shmove_pkg/share/shmove_pkg/hook/pythonpath.sh'
[9.201s] Level 1:colcon.colcon_core.environment:checking '/home/robot/minotaurobot_oleh_ws/install/shmove_pkg/bin'
[9.201s] Level 1:colcon.colcon_core.environment:create_environment_scripts_only(shmove_pkg)
[9.202s] INFO:colcon.colcon_core.shell:Creating package script '/home/robot/minotaurobot_oleh_ws/install/shmove_pkg/share/shmove_pkg/package.ps1'
[9.208s] INFO:colcon.colcon_core.shell:Creating package descriptor '/home/robot/minotaurobot_oleh_ws/install/shmove_pkg/share/shmove_pkg/package.dsv'
[9.212s] INFO:colcon.colcon_core.shell:Creating package script '/home/robot/minotaurobot_oleh_ws/install/shmove_pkg/share/shmove_pkg/package.sh'
[9.218s] INFO:colcon.colcon_core.shell:Creating package script '/home/robot/minotaurobot_oleh_ws/install/shmove_pkg/share/shmove_pkg/package.bash'
[9.224s] INFO:colcon.colcon_core.shell:Creating package script '/home/robot/minotaurobot_oleh_ws/install/shmove_pkg/share/shmove_pkg/package.zsh'
[9.229s] Level 1:colcon.colcon_core.environment:create_file_with_runtime_dependencies(/home/robot/minotaurobot_oleh_ws/install/shmove_pkg/share/colcon-core/packages/shmove_pkg)
[9.231s] DEBUG:colcon.colcon_parallel_executor.executor.parallel:closing loop
[9.233s] DEBUG:colcon.colcon_parallel_executor.executor.parallel:loop closed
[9.234s] DEBUG:colcon.colcon_parallel_executor.executor.parallel:run_until_complete finished with '0'
[9.234s] DEBUG:colcon.colcon_core.event_reactor:joining thread
[9.236s] DEBUG:colcon.colcon_core.event_reactor:joined thread
[9.237s] INFO:colcon.colcon_core.shell:Creating prefix script '/home/robot/minotaurobot_oleh_ws/install/local_setup.ps1'
[9.242s] INFO:colcon.colcon_core.shell:Creating prefix util module '/home/robot/minotaurobot_oleh_ws/install/_local_setup_util_ps1.py'
[9.250s] INFO:colcon.colcon_core.shell:Creating prefix chain script '/home/robot/minotaurobot_oleh_ws/install/setup.ps1'
[9.272s] INFO:colcon.colcon_core.shell:Creating prefix script '/home/robot/minotaurobot_oleh_ws/install/local_setup.sh'
[9.280s] INFO:colcon.colcon_core.shell:Creating prefix util module '/home/robot/minotaurobot_oleh_ws/install/_local_setup_util_sh.py'
[9.284s] INFO:colcon.colcon_core.shell:Creating prefix chain script '/home/robot/minotaurobot_oleh_ws/install/setup.sh'
[9.293s] INFO:colcon.colcon_core.shell:Creating prefix script '/home/robot/minotaurobot_oleh_ws/install/local_setup.bash'
[9.297s] INFO:colcon.colcon_core.shell:Creating prefix chain script '/home/robot/minotaurobot_oleh_ws/install/setup.bash'
[9.304s] INFO:colcon.colcon_core.shell:Creating prefix script '/home/robot/minotaurobot_oleh_ws/install/local_setup.zsh'
[9.308s] INFO:colcon.colcon_core.shell:Creating prefix chain script '/home/robot/minotaurobot_oleh_ws/install/setup.zsh'
