[1.241s] DEBUG:colcon:Command line arguments: ['/usr/bin/colcon', 'build']
[1.241s] DEBUG:colcon:Parsed command line arguments: Namespace(log_base=None, log_level=None, verb_name='build', build_base='build', install_base='install', merge_install=False, symlink_install=False, test_result_base=None, continue_on_error=False, executor='parallel', parallel_workers=4, event_handlers=None, ignore_user_meta=False, metas=['./colcon.meta'], base_paths=['.'], packages_ignore=None, packages_ignore_regex=None, paths=None, packages_up_to=None, packages_up_to_regex=None, packages_above=None, packages_above_and_dependencies=None, packages_above_depth=None, packages_select_by_dep=None, packages_skip_by_dep=None, packages_skip_up_to=None, packages_select_build_failed=False, packages_skip_build_finished=False, packages_select_test_failures=False, packages_skip_test_passed=False, packages_select=None, packages_skip=None, packages_select_regex=None, packages_skip_regex=None, packages_start=None, packages_end=None, allow_overriding=[], cmake_args=None, cmake_target=None, cmake_target_skip_unavailable=False, cmake_clean_cache=False, cmake_clean_first=False, cmake_force_configure=False, ament_cmake_args=None, catkin_cmake_args=None, catkin_skip_building_tests=False, mixin_files=None, mixin=None, verb_parser=<colcon_mixin.mixin.mixin_argument.MixinArgumentDecorator object at 0xffff96f8ec00>, verb_extension=<colcon_core.verb.build.BuildVerb object at 0xffff97147290>, main=<bound method BuildVerb.main of <colcon_core.verb.build.BuildVerb object at 0xffff97147290>>, mixin_verb=('build',))
[1.547s] Level 1:colcon.colcon_core.package_discovery:discover_packages(colcon_meta) check parameters
[1.547s] Level 1:colcon.colcon_core.package_discovery:discover_packages(recursive) check parameters
[1.548s] Level 1:colcon.colcon_core.package_discovery:discover_packages(ignore) check parameters
[1.548s] Level 1:colcon.colcon_core.package_discovery:discover_packages(path) check parameters
[1.548s] Level 1:colcon.colcon_core.package_discovery:discover_packages(colcon_meta) discover
[1.548s] Level 1:colcon.colcon_core.package_discovery:discover_packages(recursive) discover
[1.549s] INFO:colcon.colcon_core.package_discovery:Crawling recursively for packages in '/home/robot/minotaurobot_oleh_ws'
[1.549s] Level 1:colcon.colcon_core.package_identification:_identify(.) by extensions ['ignore', 'ignore_ament_install']
[1.550s] Level 1:colcon.colcon_core.package_identification:_identify(.) by extension 'ignore'
[1.550s] Level 1:colcon.colcon_core.package_identification:_identify(.) by extension 'ignore_ament_install'
[1.550s] Level 1:colcon.colcon_core.package_identification:_identify(.) by extensions ['colcon_pkg']
[1.550s] Level 1:colcon.colcon_core.package_identification:_identify(.) by extension 'colcon_pkg'
[1.551s] Level 1:colcon.colcon_core.package_identification:_identify(.) by extensions ['colcon_meta']
[1.551s] Level 1:colcon.colcon_core.package_identification:_identify(.) by extension 'colcon_meta'
[1.551s] Level 1:colcon.colcon_core.package_identification:_identify(.) by extensions ['ros']
[1.551s] Level 1:colcon.colcon_core.package_identification:_identify(.) by extension 'ros'
[1.698s] Level 1:colcon.colcon_core.package_identification:_identify(.) by extensions ['cmake', 'python']
[1.699s] Level 1:colcon.colcon_core.package_identification:_identify(.) by extension 'cmake'
[1.699s] Level 1:colcon.colcon_core.package_identification:_identify(.) by extension 'python'
[1.699s] Level 1:colcon.colcon_core.package_identification:_identify(.) by extensions ['python_setup_py']
[1.699s] Level 1:colcon.colcon_core.package_identification:_identify(.) by extension 'python_setup_py'
[1.700s] Level 1:colcon.colcon_core.package_identification:_identify(build) by extensions ['ignore', 'ignore_ament_install']
[1.700s] Level 1:colcon.colcon_core.package_identification:_identify(build) by extension 'ignore'
[1.701s] Level 1:colcon.colcon_core.package_identification:_identify(build) ignored
[1.701s] Level 1:colcon.colcon_core.package_identification:_identify(images) by extensions ['ignore', 'ignore_ament_install']
[1.702s] Level 1:colcon.colcon_core.package_identification:_identify(images) by extension 'ignore'
[1.702s] Level 1:colcon.colcon_core.package_identification:_identify(images) by extension 'ignore_ament_install'
[1.702s] Level 1:colcon.colcon_core.package_identification:_identify(images) by extensions ['colcon_pkg']
[1.702s] Level 1:colcon.colcon_core.package_identification:_identify(images) by extension 'colcon_pkg'
[1.703s] Level 1:colcon.colcon_core.package_identification:_identify(images) by extensions ['colcon_meta']
[1.703s] Level 1:colcon.colcon_core.package_identification:_identify(images) by extension 'colcon_meta'
[1.703s] Level 1:colcon.colcon_core.package_identification:_identify(images) by extensions ['ros']
[1.703s] Level 1:colcon.colcon_core.package_identification:_identify(images) by extension 'ros'
[1.703s] Level 1:colcon.colcon_core.package_identification:_identify(images) by extensions ['cmake', 'python']
[1.704s] Level 1:colcon.colcon_core.package_identification:_identify(images) by extension 'cmake'
[1.704s] Level 1:colcon.colcon_core.package_identification:_identify(images) by extension 'python'
[1.704s] Level 1:colcon.colcon_core.package_identification:_identify(images) by extensions ['python_setup_py']
[1.704s] Level 1:colcon.colcon_core.package_identification:_identify(images) by extension 'python_setup_py'
[1.705s] Level 1:colcon.colcon_core.package_identification:_identify(install) by extensions ['ignore', 'ignore_ament_install']
[1.705s] Level 1:colcon.colcon_core.package_identification:_identify(install) by extension 'ignore'
[1.705s] Level 1:colcon.colcon_core.package_identification:_identify(install) ignored
[1.706s] Level 1:colcon.colcon_core.package_identification:_identify(log) by extensions ['ignore', 'ignore_ament_install']
[1.707s] Level 1:colcon.colcon_core.package_identification:_identify(log) by extension 'ignore'
[1.707s] Level 1:colcon.colcon_core.package_identification:_identify(log) ignored
[1.707s] Level 1:colcon.colcon_core.package_identification:_identify(src) by extensions ['ignore', 'ignore_ament_install']
[1.708s] Level 1:colcon.colcon_core.package_identification:_identify(src) by extension 'ignore'
[1.708s] Level 1:colcon.colcon_core.package_identification:_identify(src) by extension 'ignore_ament_install'
[1.708s] Level 1:colcon.colcon_core.package_identification:_identify(src) by extensions ['colcon_pkg']
[1.708s] Level 1:colcon.colcon_core.package_identification:_identify(src) by extension 'colcon_pkg'
[1.709s] Level 1:colcon.colcon_core.package_identification:_identify(src) by extensions ['colcon_meta']
[1.709s] Level 1:colcon.colcon_core.package_identification:_identify(src) by extension 'colcon_meta'
[1.709s] Level 1:colcon.colcon_core.package_identification:_identify(src) by extensions ['ros']
[1.709s] Level 1:colcon.colcon_core.package_identification:_identify(src) by extension 'ros'
[1.709s] Level 1:colcon.colcon_core.package_identification:_identify(src) by extensions ['cmake', 'python']
[1.710s] Level 1:colcon.colcon_core.package_identification:_identify(src) by extension 'cmake'
[1.710s] Level 1:colcon.colcon_core.package_identification:_identify(src) by extension 'python'
[1.710s] Level 1:colcon.colcon_core.package_identification:_identify(src) by extensions ['python_setup_py']
[1.710s] Level 1:colcon.colcon_core.package_identification:_identify(src) by extension 'python_setup_py'
[1.711s] Level 1:colcon.colcon_core.package_identification:_identify(src/shmove_pkg) by extensions ['ignore', 'ignore_ament_install']
[1.711s] Level 1:colcon.colcon_core.package_identification:_identify(src/shmove_pkg) by extension 'ignore'
[1.711s] Level 1:colcon.colcon_core.package_identification:_identify(src/shmove_pkg) by extension 'ignore_ament_install'
[1.711s] Level 1:colcon.colcon_core.package_identification:_identify(src/shmove_pkg) by extensions ['colcon_pkg']
[1.712s] Level 1:colcon.colcon_core.package_identification:_identify(src/shmove_pkg) by extension 'colcon_pkg'
[1.712s] Level 1:colcon.colcon_core.package_identification:_identify(src/shmove_pkg) by extensions ['colcon_meta']
[1.712s] Level 1:colcon.colcon_core.package_identification:_identify(src/shmove_pkg) by extension 'colcon_meta'
[1.712s] Level 1:colcon.colcon_core.package_identification:_identify(src/shmove_pkg) by extensions ['ros']
[1.712s] Level 1:colcon.colcon_core.package_identification:_identify(src/shmove_pkg) by extension 'ros'
[1.726s] DEBUG:colcon.colcon_core.package_identification:Package 'src/shmove_pkg' with type 'ros.ament_python' and name 'shmove_pkg'
[1.726s] Level 1:colcon.colcon_core.package_discovery:discover_packages(recursive) using defaults
[1.727s] Level 1:colcon.colcon_core.package_discovery:discover_packages(ignore) discover
[1.727s] Level 1:colcon.colcon_core.package_discovery:discover_packages(ignore) using defaults
[1.727s] Level 1:colcon.colcon_core.package_discovery:discover_packages(path) discover
[1.727s] Level 1:colcon.colcon_core.package_discovery:discover_packages(path) using defaults
[1.839s] Level 1:colcon.colcon_core.package_discovery:discover_packages(prefix_path) check parameters
[1.840s] Level 1:colcon.colcon_core.package_discovery:discover_packages(prefix_path) discover
[1.885s] DEBUG:colcon.colcon_installed_package_information.package_discovery:Found 1 installed packages in /home/robot/ros2_ws/install
[1.890s] DEBUG:colcon.colcon_installed_package_information.package_discovery:Found 6 installed packages in /home/robot/create3_examples_ws/install
[1.901s] DEBUG:colcon.colcon_installed_package_information.package_discovery:Found 297 installed packages in /opt/ros/jazzy
[1.909s] Level 1:colcon.colcon_core.package_discovery:discover_packages(prefix_path) using defaults
[2.126s] Level 5:colcon.colcon_core.verb:set package 'shmove_pkg' build argument 'cmake_args' from command line to 'None'
[2.126s] Level 5:colcon.colcon_core.verb:set package 'shmove_pkg' build argument 'cmake_target' from command line to 'None'
[2.126s] Level 5:colcon.colcon_core.verb:set package 'shmove_pkg' build argument 'cmake_target_skip_unavailable' from command line to 'False'
[2.126s] Level 5:colcon.colcon_core.verb:set package 'shmove_pkg' build argument 'cmake_clean_cache' from command line to 'False'
[2.126s] Level 5:colcon.colcon_core.verb:set package 'shmove_pkg' build argument 'cmake_clean_first' from command line to 'False'
[2.126s] Level 5:colcon.colcon_core.verb:set package 'shmove_pkg' build argument 'cmake_force_configure' from command line to 'False'
[2.126s] Level 5:colcon.colcon_core.verb:set package 'shmove_pkg' build argument 'ament_cmake_args' from command line to 'None'
[2.126s] Level 5:colcon.colcon_core.verb:set package 'shmove_pkg' build argument 'catkin_cmake_args' from command line to 'None'
[2.127s] Level 5:colcon.colcon_core.verb:set package 'shmove_pkg' build argument 'catkin_skip_building_tests' from command line to 'False'
[2.127s] DEBUG:colcon.colcon_core.verb:Building package 'shmove_pkg' with the following arguments: {'ament_cmake_args': None, 'build_base': '/home/robot/minotaurobot_oleh_ws/build/shmove_pkg', 'catkin_cmake_args': None, 'catkin_skip_building_tests': False, 'cmake_args': None, 'cmake_clean_cache': False, 'cmake_clean_first': False, 'cmake_force_configure': False, 'cmake_target': None, 'cmake_target_skip_unavailable': False, 'install_base': '/home/robot/minotaurobot_oleh_ws/install/shmove_pkg', 'merge_install': False, 'path': '/home/robot/minotaurobot_oleh_ws/src/shmove_pkg', 'symlink_install': False, 'test_result_base': None}
[2.127s] INFO:colcon.colcon_core.executor:Executing jobs using 'parallel' executor
[2.130s] DEBUG:colcon.colcon_parallel_executor.executor.parallel:run_until_complete
[2.131s] INFO:colcon.colcon_ros.task.ament_python.build:Building ROS package in '/home/robot/minotaurobot_oleh_ws/src/shmove_pkg' with build type 'ament_python'
[2.132s] Level 1:colcon.colcon_core.shell:create_environment_hook('shmove_pkg', 'ament_prefix_path')
[2.153s] INFO:colcon.colcon_core.plugin_system:Skipping extension 'colcon_core.shell.bat': Not used on non-Windows systems
[2.154s] INFO:colcon.colcon_core.shell:Creating environment hook '/home/robot/minotaurobot_oleh_ws/install/shmove_pkg/share/shmove_pkg/hook/ament_prefix_path.ps1'
[2.159s] INFO:colcon.colcon_core.shell:Creating environment descriptor '/home/robot/minotaurobot_oleh_ws/install/shmove_pkg/share/shmove_pkg/hook/ament_prefix_path.dsv'
[2.165s] INFO:colcon.colcon_core.shell:Creating environment hook '/home/robot/minotaurobot_oleh_ws/install/shmove_pkg/share/shmove_pkg/hook/ament_prefix_path.sh'
[2.170s] INFO:colcon.colcon_core.shell:Skip shell extension 'powershell' for command environment: Not usable outside of PowerShell
[2.170s] DEBUG:colcon.colcon_core.shell:Skip shell extension 'dsv' for command environment
[3.180s] INFO:colcon.colcon_core.task.python.build:Building Python package in '/home/robot/minotaurobot_oleh_ws/src/shmove_pkg'
[3.181s] INFO:colcon.colcon_core.shell:Skip shell extension 'powershell' for command environment: Not usable outside of PowerShell
[3.181s] DEBUG:colcon.colcon_core.shell:Skip shell extension 'dsv' for command environment
[6.872s] DEBUG:colcon.colcon_core.event_handler.log_command:Invoking command in '/home/robot/minotaurobot_oleh_ws/src/shmove_pkg': PYTHONPATH=/home/robot/minotaurobot_oleh_ws/build/shmove_pkg/prefix_override:/usr/lib/python3/dist-packages/colcon_core/task/python/colcon_distutils_commands:/home/robot/minotaurobot_oleh_ws/install/shmove_pkg/lib/python3.12/site-packages:${PYTHONPATH} /usr/bin/python3 -W ignore:setup.py install is deprecated -W ignore:easy_install command is deprecated setup.py egg_info --egg-base ../../build/shmove_pkg build --build-base /home/robot/minotaurobot_oleh_ws/build/shmove_pkg/build install --record /home/robot/minotaurobot_oleh_ws/build/shmove_pkg/install.log --single-version-externally-managed install_data
[9.451s] DEBUG:colcon.colcon_core.event_handler.log_command:Invoked command in '/home/robot/minotaurobot_oleh_ws/src/shmove_pkg' returned '0': PYTHONPATH=/home/robot/minotaurobot_oleh_ws/build/shmove_pkg/prefix_override:/usr/lib/python3/dist-packages/colcon_core/task/python/colcon_distutils_commands:/home/robot/minotaurobot_oleh_ws/install/shmove_pkg/lib/python3.12/site-packages:${PYTHONPATH} /usr/bin/python3 -W ignore:setup.py install is deprecated -W ignore:easy_install command is deprecated setup.py egg_info --egg-base ../../build/shmove_pkg build --build-base /home/robot/minotaurobot_oleh_ws/build/shmove_pkg/build install --record /home/robot/minotaurobot_oleh_ws/build/shmove_pkg/install.log --single-version-externally-managed install_data
[9.481s] Level 1:colcon.colcon_core.environment:checking '/home/robot/minotaurobot_oleh_ws/install/shmove_pkg' for CMake module files
[9.486s] Level 1:colcon.colcon_core.environment:checking '/home/robot/minotaurobot_oleh_ws/install/shmove_pkg' for CMake config files
[9.492s] Level 1:colcon.colcon_core.environment:checking '/home/robot/minotaurobot_oleh_ws/install/shmove_pkg/lib'
[9.493s] Level 1:colcon.colcon_core.environment:checking '/home/robot/minotaurobot_oleh_ws/install/shmove_pkg/bin'
[9.493s] Level 1:colcon.colcon_core.environment:checking '/home/robot/minotaurobot_oleh_ws/install/shmove_pkg/lib/pkgconfig/shmove_pkg.pc'
[9.494s] Level 1:colcon.colcon_core.environment:checking '/home/robot/minotaurobot_oleh_ws/install/shmove_pkg/lib/python3.12/site-packages'
[9.495s] Level 1:colcon.colcon_core.shell:create_environment_hook('shmove_pkg', 'pythonpath')
[9.495s] INFO:colcon.colcon_core.shell:Creating environment hook '/home/robot/minotaurobot_oleh_ws/install/shmove_pkg/share/shmove_pkg/hook/pythonpath.ps1'
[9.497s] INFO:colcon.colcon_core.shell:Creating environment descriptor '/home/robot/minotaurobot_oleh_ws/install/shmove_pkg/share/shmove_pkg/hook/pythonpath.dsv'
[9.499s] INFO:colcon.colcon_core.shell:Creating environment hook '/home/robot/minotaurobot_oleh_ws/install/shmove_pkg/share/shmove_pkg/hook/pythonpath.sh'
[9.502s] Level 1:colcon.colcon_core.environment:checking '/home/robot/minotaurobot_oleh_ws/install/shmove_pkg/bin'
[9.503s] Level 1:colcon.colcon_core.environment:create_environment_scripts_only(shmove_pkg)
[9.504s] INFO:colcon.colcon_core.shell:Creating package script '/home/robot/minotaurobot_oleh_ws/install/shmove_pkg/share/shmove_pkg/package.ps1'
[9.509s] INFO:colcon.colcon_core.shell:Creating package descriptor '/home/robot/minotaurobot_oleh_ws/install/shmove_pkg/share/shmove_pkg/package.dsv'
[9.513s] INFO:colcon.colcon_core.shell:Creating package script '/home/robot/minotaurobot_oleh_ws/install/shmove_pkg/share/shmove_pkg/package.sh'
[9.519s] INFO:colcon.colcon_core.shell:Creating package script '/home/robot/minotaurobot_oleh_ws/install/shmove_pkg/share/shmove_pkg/package.bash'
[9.548s] INFO:colcon.colcon_core.shell:Creating package script '/home/robot/minotaurobot_oleh_ws/install/shmove_pkg/share/shmove_pkg/package.zsh'
[9.554s] Level 1:colcon.colcon_core.environment:create_file_with_runtime_dependencies(/home/robot/minotaurobot_oleh_ws/install/shmove_pkg/share/colcon-core/packages/shmove_pkg)
[9.556s] DEBUG:colcon.colcon_parallel_executor.executor.parallel:closing loop
[9.558s] DEBUG:colcon.colcon_parallel_executor.executor.parallel:loop closed
[9.559s] DEBUG:colcon.colcon_parallel_executor.executor.parallel:run_until_complete finished with '0'
[9.559s] DEBUG:colcon.colcon_core.event_reactor:joining thread
[9.561s] DEBUG:colcon.colcon_core.event_reactor:joined thread
[9.562s] INFO:colcon.colcon_core.shell:Creating prefix script '/home/robot/minotaurobot_oleh_ws/install/local_setup.ps1'
[9.566s] INFO:colcon.colcon_core.shell:Creating prefix util module '/home/robot/minotaurobot_oleh_ws/install/_local_setup_util_ps1.py'
[9.575s] INFO:colcon.colcon_core.shell:Creating prefix chain script '/home/robot/minotaurobot_oleh_ws/install/setup.ps1'
[9.584s] INFO:colcon.colcon_core.shell:Creating prefix script '/home/robot/minotaurobot_oleh_ws/install/local_setup.sh'
[9.588s] INFO:colcon.colcon_core.shell:Creating prefix util module '/home/robot/minotaurobot_oleh_ws/install/_local_setup_util_sh.py'
[9.591s] INFO:colcon.colcon_core.shell:Creating prefix chain script '/home/robot/minotaurobot_oleh_ws/install/setup.sh'
[9.599s] INFO:colcon.colcon_core.shell:Creating prefix script '/home/robot/minotaurobot_oleh_ws/install/local_setup.bash'
[9.603s] INFO:colcon.colcon_core.shell:Creating prefix chain script '/home/robot/minotaurobot_oleh_ws/install/setup.bash'
[9.610s] INFO:colcon.colcon_core.shell:Creating prefix script '/home/robot/minotaurobot_oleh_ws/install/local_setup.zsh'
[9.613s] INFO:colcon.colcon_core.shell:Creating prefix chain script '/home/robot/minotaurobot_oleh_ws/install/setup.zsh'
