[1.510s] DEBUG:colcon:Command line arguments: ['/usr/bin/colcon', 'build']
[1.510s] DEBUG:colcon:Parsed command line arguments: Namespace(log_base=None, log_level=None, verb_name='build', build_base='build', install_base='install', merge_install=False, symlink_install=False, test_result_base=None, continue_on_error=False, executor='parallel', parallel_workers=4, event_handlers=None, ignore_user_meta=False, metas=['./colcon.meta'], base_paths=['.'], packages_ignore=None, packages_ignore_regex=None, paths=None, packages_up_to=None, packages_up_to_regex=None, packages_above=None, packages_above_and_dependencies=None, packages_above_depth=None, packages_select_by_dep=None, packages_skip_by_dep=None, packages_skip_up_to=None, packages_select_build_failed=False, packages_skip_build_finished=False, packages_select_test_failures=False, packages_skip_test_passed=False, packages_select=None, packages_skip=None, packages_select_regex=None, packages_skip_regex=None, packages_start=None, packages_end=None, allow_overriding=[], cmake_args=None, cmake_target=None, cmake_target_skip_unavailable=False, cmake_clean_cache=False, cmake_clean_first=False, cmake_force_configure=False, ament_cmake_args=None, catkin_cmake_args=None, catkin_skip_building_tests=False, mixin_files=None, mixin=None, verb_parser=<colcon_mixin.mixin.mixin_argument.MixinArgumentDecorator object at 0xffffaa896ea0>, verb_extension=<colcon_core.verb.build.BuildVerb object at 0xffffaaa4f7d0>, main=<bound method BuildVerb.main of <colcon_core.verb.build.BuildVerb object at 0xffffaaa4f7d0>>, mixin_verb=('build',))
[1.853s] Level 1:colcon.colcon_core.package_discovery:discover_packages(colcon_meta) check parameters
[1.853s] Level 1:colcon.colcon_core.package_discovery:discover_packages(recursive) check parameters
[1.854s] Level 1:colcon.colcon_core.package_discovery:discover_packages(ignore) check parameters
[1.854s] Level 1:colcon.colcon_core.package_discovery:discover_packages(path) check parameters
[1.854s] Level 1:colcon.colcon_core.package_discovery:discover_packages(colcon_meta) discover
[1.855s] Level 1:colcon.colcon_core.package_discovery:discover_packages(recursive) discover
[1.855s] INFO:colcon.colcon_core.package_discovery:Crawling recursively for packages in '/home/robot/hermann_ws'
[1.856s] Level 1:colcon.colcon_core.package_identification:_identify(.) by extensions ['ignore', 'ignore_ament_install']
[1.856s] Level 1:colcon.colcon_core.package_identification:_identify(.) by extension 'ignore'
[1.857s] Level 1:colcon.colcon_core.package_identification:_identify(.) by extension 'ignore_ament_install'
[1.857s] Level 1:colcon.colcon_core.package_identification:_identify(.) by extensions ['colcon_pkg']
[1.858s] Level 1:colcon.colcon_core.package_identification:_identify(.) by extension 'colcon_pkg'
[1.858s] Level 1:colcon.colcon_core.package_identification:_identify(.) by extensions ['colcon_meta']
[1.858s] Level 1:colcon.colcon_core.package_identification:_identify(.) by extension 'colcon_meta'
[1.858s] Level 1:colcon.colcon_core.package_identification:_identify(.) by extensions ['ros']
[1.859s] Level 1:colcon.colcon_core.package_identification:_identify(.) by extension 'ros'
[2.031s] Level 1:colcon.colcon_core.package_identification:_identify(.) by extensions ['cmake', 'python']
[2.031s] Level 1:colcon.colcon_core.package_identification:_identify(.) by extension 'cmake'
[2.032s] Level 1:colcon.colcon_core.package_identification:_identify(.) by extension 'python'
[2.032s] Level 1:colcon.colcon_core.package_identification:_identify(.) by extensions ['python_setup_py']
[2.032s] Level 1:colcon.colcon_core.package_identification:_identify(.) by extension 'python_setup_py'
[2.033s] Level 1:colcon.colcon_core.package_identification:_identify(build) by extensions ['ignore', 'ignore_ament_install']
[2.034s] Level 1:colcon.colcon_core.package_identification:_identify(build) by extension 'ignore'
[2.034s] Level 1:colcon.colcon_core.package_identification:_identify(build) ignored
[2.035s] Level 1:colcon.colcon_core.package_identification:_identify(images) by extensions ['ignore', 'ignore_ament_install']
[2.036s] Level 1:colcon.colcon_core.package_identification:_identify(images) by extension 'ignore'
[2.036s] Level 1:colcon.colcon_core.package_identification:_identify(images) by extension 'ignore_ament_install'
[2.037s] Level 1:colcon.colcon_core.package_identification:_identify(images) by extensions ['colcon_pkg']
[2.037s] Level 1:colcon.colcon_core.package_identification:_identify(images) by extension 'colcon_pkg'
[2.037s] Level 1:colcon.colcon_core.package_identification:_identify(images) by extensions ['colcon_meta']
[2.038s] Level 1:colcon.colcon_core.package_identification:_identify(images) by extension 'colcon_meta'
[2.038s] Level 1:colcon.colcon_core.package_identification:_identify(images) by extensions ['ros']
[2.038s] Level 1:colcon.colcon_core.package_identification:_identify(images) by extension 'ros'
[2.039s] Level 1:colcon.colcon_core.package_identification:_identify(images) by extensions ['cmake', 'python']
[2.039s] Level 1:colcon.colcon_core.package_identification:_identify(images) by extension 'cmake'
[2.040s] Level 1:colcon.colcon_core.package_identification:_identify(images) by extension 'python'
[2.040s] Level 1:colcon.colcon_core.package_identification:_identify(images) by extensions ['python_setup_py']
[2.041s] Level 1:colcon.colcon_core.package_identification:_identify(images) by extension 'python_setup_py'
[2.041s] Level 1:colcon.colcon_core.package_identification:_identify(install) by extensions ['ignore', 'ignore_ament_install']
[2.042s] Level 1:colcon.colcon_core.package_identification:_identify(install) by extension 'ignore'
[2.042s] Level 1:colcon.colcon_core.package_identification:_identify(install) ignored
[2.043s] Level 1:colcon.colcon_core.package_identification:_identify(log) by extensions ['ignore', 'ignore_ament_install']
[2.044s] Level 1:colcon.colcon_core.package_identification:_identify(log) by extension 'ignore'
[2.045s] Level 1:colcon.colcon_core.package_identification:_identify(log) ignored
[2.045s] Level 1:colcon.colcon_core.package_identification:_identify(src) by extensions ['ignore', 'ignore_ament_install']
[2.046s] Level 1:colcon.colcon_core.package_identification:_identify(src) by extension 'ignore'
[2.047s] Level 1:colcon.colcon_core.package_identification:_identify(src) by extension 'ignore_ament_install'
[2.047s] Level 1:colcon.colcon_core.package_identification:_identify(src) by extensions ['colcon_pkg']
[2.047s] Level 1:colcon.colcon_core.package_identification:_identify(src) by extension 'colcon_pkg'
[2.048s] Level 1:colcon.colcon_core.package_identification:_identify(src) by extensions ['colcon_meta']
[2.048s] Level 1:colcon.colcon_core.package_identification:_identify(src) by extension 'colcon_meta'
[2.048s] Level 1:colcon.colcon_core.package_identification:_identify(src) by extensions ['ros']
[2.048s] Level 1:colcon.colcon_core.package_identification:_identify(src) by extension 'ros'
[2.049s] Level 1:colcon.colcon_core.package_identification:_identify(src) by extensions ['cmake', 'python']
[2.050s] Level 1:colcon.colcon_core.package_identification:_identify(src) by extension 'cmake'
[2.050s] Level 1:colcon.colcon_core.package_identification:_identify(src) by extension 'python'
[2.050s] Level 1:colcon.colcon_core.package_identification:_identify(src) by extensions ['python_setup_py']
[2.051s] Level 1:colcon.colcon_core.package_identification:_identify(src) by extension 'python_setup_py'
[2.051s] Level 1:colcon.colcon_core.package_identification:_identify(src/odometry_ir_reader) by extensions ['ignore', 'ignore_ament_install']
[2.052s] Level 1:colcon.colcon_core.package_identification:_identify(src/odometry_ir_reader) by extension 'ignore'
[2.052s] Level 1:colcon.colcon_core.package_identification:_identify(src/odometry_ir_reader) by extension 'ignore_ament_install'
[2.053s] Level 1:colcon.colcon_core.package_identification:_identify(src/odometry_ir_reader) by extensions ['colcon_pkg']
[2.053s] Level 1:colcon.colcon_core.package_identification:_identify(src/odometry_ir_reader) by extension 'colcon_pkg'
[2.053s] Level 1:colcon.colcon_core.package_identification:_identify(src/odometry_ir_reader) by extensions ['colcon_meta']
[2.053s] Level 1:colcon.colcon_core.package_identification:_identify(src/odometry_ir_reader) by extension 'colcon_meta'
[2.054s] Level 1:colcon.colcon_core.package_identification:_identify(src/odometry_ir_reader) by extensions ['ros']
[2.054s] Level 1:colcon.colcon_core.package_identification:_identify(src/odometry_ir_reader) by extension 'ros'
[2.068s] DEBUG:colcon.colcon_core.package_identification:Package 'src/odometry_ir_reader' with type 'ros.ament_python' and name 'odometry_ir_reader'
[2.069s] Level 1:colcon.colcon_core.package_discovery:discover_packages(recursive) using defaults
[2.069s] Level 1:colcon.colcon_core.package_discovery:discover_packages(ignore) discover
[2.069s] Level 1:colcon.colcon_core.package_discovery:discover_packages(ignore) using defaults
[2.069s] Level 1:colcon.colcon_core.package_discovery:discover_packages(path) discover
[2.069s] Level 1:colcon.colcon_core.package_discovery:discover_packages(path) using defaults
[2.192s] Level 1:colcon.colcon_core.package_discovery:discover_packages(prefix_path) check parameters
[2.192s] Level 1:colcon.colcon_core.package_discovery:discover_packages(prefix_path) discover
[2.213s] DEBUG:colcon.colcon_installed_package_information.package_discovery:Found 1 installed packages in /home/robot/ros2_ws/install
[2.216s] DEBUG:colcon.colcon_installed_package_information.package_discovery:Found 6 installed packages in /home/robot/create3_examples_ws/install
[2.229s] DEBUG:colcon.colcon_installed_package_information.package_discovery:Found 297 installed packages in /opt/ros/jazzy
[2.237s] Level 1:colcon.colcon_core.package_discovery:discover_packages(prefix_path) using defaults
[2.464s] Level 5:colcon.colcon_core.verb:set package 'odometry_ir_reader' build argument 'cmake_args' from command line to 'None'
[2.465s] Level 5:colcon.colcon_core.verb:set package 'odometry_ir_reader' build argument 'cmake_target' from command line to 'None'
[2.465s] Level 5:colcon.colcon_core.verb:set package 'odometry_ir_reader' build argument 'cmake_target_skip_unavailable' from command line to 'False'
[2.465s] Level 5:colcon.colcon_core.verb:set package 'odometry_ir_reader' build argument 'cmake_clean_cache' from command line to 'False'
[2.465s] Level 5:colcon.colcon_core.verb:set package 'odometry_ir_reader' build argument 'cmake_clean_first' from command line to 'False'
[2.465s] Level 5:colcon.colcon_core.verb:set package 'odometry_ir_reader' build argument 'cmake_force_configure' from command line to 'False'
[2.465s] Level 5:colcon.colcon_core.verb:set package 'odometry_ir_reader' build argument 'ament_cmake_args' from command line to 'None'
[2.466s] Level 5:colcon.colcon_core.verb:set package 'odometry_ir_reader' build argument 'catkin_cmake_args' from command line to 'None'
[2.466s] Level 5:colcon.colcon_core.verb:set package 'odometry_ir_reader' build argument 'catkin_skip_building_tests' from command line to 'False'
[2.466s] DEBUG:colcon.colcon_core.verb:Building package 'odometry_ir_reader' with the following arguments: {'ament_cmake_args': None, 'build_base': '/home/robot/hermann_ws/build/odometry_ir_reader', 'catkin_cmake_args': None, 'catkin_skip_building_tests': False, 'cmake_args': None, 'cmake_clean_cache': False, 'cmake_clean_first': False, 'cmake_force_configure': False, 'cmake_target': None, 'cmake_target_skip_unavailable': False, 'install_base': '/home/robot/hermann_ws/install/odometry_ir_reader', 'merge_install': False, 'path': '/home/robot/hermann_ws/src/odometry_ir_reader', 'symlink_install': False, 'test_result_base': None}
[2.467s] INFO:colcon.colcon_core.executor:Executing jobs using 'parallel' executor
[2.470s] DEBUG:colcon.colcon_parallel_executor.executor.parallel:run_until_complete
[2.471s] INFO:colcon.colcon_ros.task.ament_python.build:Building ROS package in '/home/robot/hermann_ws/src/odometry_ir_reader' with build type 'ament_python'
[2.471s] Level 1:colcon.colcon_core.shell:create_environment_hook('odometry_ir_reader', 'ament_prefix_path')
[2.494s] INFO:colcon.colcon_core.plugin_system:Skipping extension 'colcon_core.shell.bat': Not used on non-Windows systems
[2.496s] INFO:colcon.colcon_core.shell:Creating environment hook '/home/robot/hermann_ws/install/odometry_ir_reader/share/odometry_ir_reader/hook/ament_prefix_path.ps1'
[2.501s] INFO:colcon.colcon_core.shell:Creating environment descriptor '/home/robot/hermann_ws/install/odometry_ir_reader/share/odometry_ir_reader/hook/ament_prefix_path.dsv'
[2.505s] INFO:colcon.colcon_core.shell:Creating environment hook '/home/robot/hermann_ws/install/odometry_ir_reader/share/odometry_ir_reader/hook/ament_prefix_path.sh'
[2.512s] INFO:colcon.colcon_core.shell:Skip shell extension 'powershell' for command environment: Not usable outside of PowerShell
[2.512s] DEBUG:colcon.colcon_core.shell:Skip shell extension 'dsv' for command environment
[3.616s] INFO:colcon.colcon_core.task.python.build:Building Python package in '/home/robot/hermann_ws/src/odometry_ir_reader'
[3.617s] INFO:colcon.colcon_core.shell:Skip shell extension 'powershell' for command environment: Not usable outside of PowerShell
[3.617s] DEBUG:colcon.colcon_core.shell:Skip shell extension 'dsv' for command environment
[7.931s] DEBUG:colcon.colcon_core.event_handler.log_command:Invoking command in '/home/robot/hermann_ws/src/odometry_ir_reader': PYTHONPATH=/home/robot/hermann_ws/build/odometry_ir_reader/prefix_override:/usr/lib/python3/dist-packages/colcon_core/task/python/colcon_distutils_commands:/home/robot/hermann_ws/install/odometry_ir_reader/lib/python3.12/site-packages:${PYTHONPATH} /usr/bin/python3 -W ignore:setup.py install is deprecated -W ignore:easy_install command is deprecated setup.py egg_info --egg-base ../../build/odometry_ir_reader build --build-base /home/robot/hermann_ws/build/odometry_ir_reader/build install --record /home/robot/hermann_ws/build/odometry_ir_reader/install.log --single-version-externally-managed install_data
[10.821s] DEBUG:colcon.colcon_core.event_handler.log_command:Invoked command in '/home/robot/hermann_ws/src/odometry_ir_reader' returned '0': PYTHONPATH=/home/robot/hermann_ws/build/odometry_ir_reader/prefix_override:/usr/lib/python3/dist-packages/colcon_core/task/python/colcon_distutils_commands:/home/robot/hermann_ws/install/odometry_ir_reader/lib/python3.12/site-packages:${PYTHONPATH} /usr/bin/python3 -W ignore:setup.py install is deprecated -W ignore:easy_install command is deprecated setup.py egg_info --egg-base ../../build/odometry_ir_reader build --build-base /home/robot/hermann_ws/build/odometry_ir_reader/build install --record /home/robot/hermann_ws/build/odometry_ir_reader/install.log --single-version-externally-managed install_data
[10.848s] Level 1:colcon.colcon_core.environment:checking '/home/robot/hermann_ws/install/odometry_ir_reader' for CMake module files
[10.853s] Level 1:colcon.colcon_core.environment:checking '/home/robot/hermann_ws/install/odometry_ir_reader' for CMake config files
[10.857s] Level 1:colcon.colcon_core.environment:checking '/home/robot/hermann_ws/install/odometry_ir_reader/lib'
[10.859s] Level 1:colcon.colcon_core.environment:checking '/home/robot/hermann_ws/install/odometry_ir_reader/bin'
[10.859s] Level 1:colcon.colcon_core.environment:checking '/home/robot/hermann_ws/install/odometry_ir_reader/lib/pkgconfig/odometry_ir_reader.pc'
[10.860s] Level 1:colcon.colcon_core.environment:checking '/home/robot/hermann_ws/install/odometry_ir_reader/lib/python3.12/site-packages'
[10.861s] Level 1:colcon.colcon_core.shell:create_environment_hook('odometry_ir_reader', 'pythonpath')
[10.862s] INFO:colcon.colcon_core.shell:Creating environment hook '/home/robot/hermann_ws/install/odometry_ir_reader/share/odometry_ir_reader/hook/pythonpath.ps1'
[10.864s] INFO:colcon.colcon_core.shell:Creating environment descriptor '/home/robot/hermann_ws/install/odometry_ir_reader/share/odometry_ir_reader/hook/pythonpath.dsv'
[10.866s] INFO:colcon.colcon_core.shell:Creating environment hook '/home/robot/hermann_ws/install/odometry_ir_reader/share/odometry_ir_reader/hook/pythonpath.sh'
[10.869s] Level 1:colcon.colcon_core.environment:checking '/home/robot/hermann_ws/install/odometry_ir_reader/bin'
[10.870s] Level 1:colcon.colcon_core.environment:create_environment_scripts_only(odometry_ir_reader)
[10.871s] INFO:colcon.colcon_core.shell:Creating package script '/home/robot/hermann_ws/install/odometry_ir_reader/share/odometry_ir_reader/package.ps1'
[10.876s] INFO:colcon.colcon_core.shell:Creating package descriptor '/home/robot/hermann_ws/install/odometry_ir_reader/share/odometry_ir_reader/package.dsv'
[10.880s] INFO:colcon.colcon_core.shell:Creating package script '/home/robot/hermann_ws/install/odometry_ir_reader/share/odometry_ir_reader/package.sh'
[10.886s] INFO:colcon.colcon_core.shell:Creating package script '/home/robot/hermann_ws/install/odometry_ir_reader/share/odometry_ir_reader/package.bash'
[10.891s] INFO:colcon.colcon_core.shell:Creating package script '/home/robot/hermann_ws/install/odometry_ir_reader/share/odometry_ir_reader/package.zsh'
[10.897s] Level 1:colcon.colcon_core.environment:create_file_with_runtime_dependencies(/home/robot/hermann_ws/install/odometry_ir_reader/share/colcon-core/packages/odometry_ir_reader)
[10.898s] DEBUG:colcon.colcon_parallel_executor.executor.parallel:closing loop
[10.899s] DEBUG:colcon.colcon_parallel_executor.executor.parallel:loop closed
[10.900s] DEBUG:colcon.colcon_parallel_executor.executor.parallel:run_until_complete finished with '0'
[10.901s] DEBUG:colcon.colcon_core.event_reactor:joining thread
[10.902s] DEBUG:colcon.colcon_core.event_reactor:joined thread
[10.903s] INFO:colcon.colcon_core.shell:Creating prefix script '/home/robot/hermann_ws/install/local_setup.ps1'
[10.908s] INFO:colcon.colcon_core.shell:Creating prefix util module '/home/robot/hermann_ws/install/_local_setup_util_ps1.py'
[10.916s] INFO:colcon.colcon_core.shell:Creating prefix chain script '/home/robot/hermann_ws/install/setup.ps1'
[10.941s] INFO:colcon.colcon_core.shell:Creating prefix script '/home/robot/hermann_ws/install/local_setup.sh'
[10.945s] INFO:colcon.colcon_core.shell:Creating prefix util module '/home/robot/hermann_ws/install/_local_setup_util_sh.py'
[10.948s] INFO:colcon.colcon_core.shell:Creating prefix chain script '/home/robot/hermann_ws/install/setup.sh'
[10.956s] INFO:colcon.colcon_core.shell:Creating prefix script '/home/robot/hermann_ws/install/local_setup.bash'
[10.962s] INFO:colcon.colcon_core.shell:Creating prefix chain script '/home/robot/hermann_ws/install/setup.bash'
[10.970s] INFO:colcon.colcon_core.shell:Creating prefix script '/home/robot/hermann_ws/install/local_setup.zsh'
[10.974s] INFO:colcon.colcon_core.shell:Creating prefix chain script '/home/robot/hermann_ws/install/setup.zsh'
