running egg_info
creating ../../build/shmove_pkg/shmove_pkg.egg-info
writing ../../build/shmove_pkg/shmove_pkg.egg-info/PKG-INFO
writing dependency_links to ../../build/shmove_pkg/shmove_pkg.egg-info/dependency_links.txt
writing entry points to ../../build/shmove_pkg/shmove_pkg.egg-info/entry_points.txt
writing requirements to ../../build/shmove_pkg/shmove_pkg.egg-info/requires.txt
writing top-level names to ../../build/shmove_pkg/shmove_pkg.egg-info/top_level.txt
writing manifest file '../../build/shmove_pkg/shmove_pkg.egg-info/SOURCES.txt'
reading manifest file '../../build/shmove_pkg/shmove_pkg.egg-info/SOURCES.txt'
writing manifest file '../../build/shmove_pkg/shmove_pkg.egg-info/SOURCES.txt'
running build
running build_py
creating /home/robot/minotaurobot_oleh_ws/build/shmove_pkg/build
creating /home/robot/minotaurobot_oleh_ws/build/shmove_pkg/build/lib
creating /home/robot/minotaurobot_oleh_ws/build/shmove_pkg/build/lib/shmove_pkg
copying shmove_pkg/__init__.py -> /home/robot/minotaurobot_oleh_ws/build/shmove_pkg/build/lib/shmove_pkg
copying shmove_pkg/code.py -> /home/robot/minotaurobot_oleh_ws/build/shmove_pkg/build/lib/shmove_pkg
running install
running install_lib
creating /home/robot/minotaurobot_oleh_ws/install/shmove_pkg/lib/python3.12/site-packages/shmove_pkg
copying /home/robot/minotaurobot_oleh_ws/build/shmove_pkg/build/lib/shmove_pkg/__init__.py -> /home/robot/minotaurobot_oleh_ws/install/shmove_pkg/lib/python3.12/site-packages/shmove_pkg
copying /home/robot/minotaurobot_oleh_ws/build/shmove_pkg/build/lib/shmove_pkg/code.py -> /home/robot/minotaurobot_oleh_ws/install/shmove_pkg/lib/python3.12/site-packages/shmove_pkg
byte-compiling /home/robot/minotaurobot_oleh_ws/install/shmove_pkg/lib/python3.12/site-packages/shmove_pkg/__init__.py to __init__.cpython-312.pyc
byte-compiling /home/robot/minotaurobot_oleh_ws/install/shmove_pkg/lib/python3.12/site-packages/shmove_pkg/code.py to code.cpython-312.pyc
running install_data
creating /home/robot/minotaurobot_oleh_ws/install/shmove_pkg/share/ament_index
creating /home/robot/minotaurobot_oleh_ws/install/shmove_pkg/share/ament_index/resource_index
creating /home/robot/minotaurobot_oleh_ws/install/shmove_pkg/share/ament_index/resource_index/packages
copying resource/shmove_pkg -> /home/robot/minotaurobot_oleh_ws/install/shmove_pkg/share/ament_index/resource_index/packages
copying package.xml -> /home/robot/minotaurobot_oleh_ws/install/shmove_pkg/share/shmove_pkg
running install_egg_info
Copying ../../build/shmove_pkg/shmove_pkg.egg-info to /home/robot/minotaurobot_oleh_ws/install/shmove_pkg/lib/python3.12/site-packages/shmove_pkg-0.0.0-py3.12.egg-info
running install_scripts
Installing code script to /home/robot/minotaurobot_oleh_ws/install/shmove_pkg/lib/shmove_pkg
writing list of installed files to '/home/robot/minotaurobot_oleh_ws/build/shmove_pkg/install.log'
