[4.766s] Invoking command in '/home/robot/minotaurobot_oleh_ws/src/shmove_pkg': PYTHONPATH=/home/robot/minotaurobot_oleh_ws/build/shmove_pkg/prefix_override:/usr/lib/python3/dist-packages/colcon_core/task/python/colcon_distutils_commands:/home/robot/minotaurobot_oleh_ws/install/shmove_pkg/lib/python3.12/site-packages:${PYTHONPATH} /usr/bin/python3 -W ignore:setup.py install is deprecated -W ignore:easy_install command is deprecated setup.py egg_info --egg-base ../../build/shmove_pkg build --build-base /home/robot/minotaurobot_oleh_ws/build/shmove_pkg/build install --record /home/robot/minotaurobot_oleh_ws/build/shmove_pkg/install.log --single-version-externally-managed install_data
[5.997s] running egg_info
[5.998s] creating ../../build/shmove_pkg/shmove_pkg.egg-info
[6.088s] writing ../../build/shmove_pkg/shmove_pkg.egg-info/PKG-INFO
[6.089s] writing dependency_links to ../../build/shmove_pkg/shmove_pkg.egg-info/dependency_links.txt
[6.090s] writing entry points to ../../build/shmove_pkg/shmove_pkg.egg-info/entry_points.txt
[6.091s] writing requirements to ../../build/shmove_pkg/shmove_pkg.egg-info/requires.txt
[6.092s] writing top-level names to ../../build/shmove_pkg/shmove_pkg.egg-info/top_level.txt
[6.092s] writing manifest file '../../build/shmove_pkg/shmove_pkg.egg-info/SOURCES.txt'
[6.273s] reading manifest file '../../build/shmove_pkg/shmove_pkg.egg-info/SOURCES.txt'
[6.276s] writing manifest file '../../build/shmove_pkg/shmove_pkg.egg-info/SOURCES.txt'
[6.276s] running build
[6.277s] running build_py
[6.278s] creating /home/robot/minotaurobot_oleh_ws/build/shmove_pkg/build
[6.278s] creating /home/robot/minotaurobot_oleh_ws/build/shmove_pkg/build/lib
[6.279s] creating /home/robot/minotaurobot_oleh_ws/build/shmove_pkg/build/lib/shmove_pkg
[6.279s] copying shmove_pkg/__init__.py -> /home/robot/minotaurobot_oleh_ws/build/shmove_pkg/build/lib/shmove_pkg
[6.280s] copying shmove_pkg/code.py -> /home/robot/minotaurobot_oleh_ws/build/shmove_pkg/build/lib/shmove_pkg
[6.281s] running install
[6.306s] running install_lib
[6.395s] creating /home/robot/minotaurobot_oleh_ws/install/shmove_pkg/lib/python3.12/site-packages/shmove_pkg
[6.395s] copying /home/robot/minotaurobot_oleh_ws/build/shmove_pkg/build/lib/shmove_pkg/__init__.py -> /home/robot/minotaurobot_oleh_ws/install/shmove_pkg/lib/python3.12/site-packages/shmove_pkg
[6.396s] copying /home/robot/minotaurobot_oleh_ws/build/shmove_pkg/build/lib/shmove_pkg/code.py -> /home/robot/minotaurobot_oleh_ws/install/shmove_pkg/lib/python3.12/site-packages/shmove_pkg
[6.399s] byte-compiling /home/robot/minotaurobot_oleh_ws/install/shmove_pkg/lib/python3.12/site-packages/shmove_pkg/__init__.py to __init__.cpython-312.pyc
[6.400s] byte-compiling /home/robot/minotaurobot_oleh_ws/install/shmove_pkg/lib/python3.12/site-packages/shmove_pkg/code.py to code.cpython-312.pyc
[6.402s]   File "/home/robot/minotaurobot_oleh_ws/install/shmove_pkg/lib/python3.12/site-packages/shmove_pkg/code.py", line 33
[6.402s]     def main();
[6.403s]               ^
[6.403s] SyntaxError: expected ':'
[6.404s] 
[6.404s] running install_data
[6.405s] creating /home/robot/minotaurobot_oleh_ws/install/shmove_pkg/share/ament_index
[6.405s] creating /home/robot/minotaurobot_oleh_ws/install/shmove_pkg/share/ament_index/resource_index
[6.405s] creating /home/robot/minotaurobot_oleh_ws/install/shmove_pkg/share/ament_index/resource_index/packages
[6.406s] copying resource/shmove_pkg -> /home/robot/minotaurobot_oleh_ws/install/shmove_pkg/share/ament_index/resource_index/packages
[6.406s] copying package.xml -> /home/robot/minotaurobot_oleh_ws/install/shmove_pkg/share/shmove_pkg
[6.407s] running install_egg_info
[6.503s] Copying ../../build/shmove_pkg/shmove_pkg.egg-info to /home/robot/minotaurobot_oleh_ws/install/shmove_pkg/lib/python3.12/site-packages/shmove_pkg-0.0.0-py3.12.egg-info
[6.508s] running install_scripts
[7.174s] Installing code script to /home/robot/minotaurobot_oleh_ws/install/shmove_pkg/lib/shmove_pkg
[7.176s] writing list of installed files to '/home/robot/minotaurobot_oleh_ws/build/shmove_pkg/install.log'
[7.319s] Invoked command in '/home/robot/minotaurobot_oleh_ws/src/shmove_pkg' returned '0': PYTHONPATH=/home/robot/minotaurobot_oleh_ws/build/shmove_pkg/prefix_override:/usr/lib/python3/dist-packages/colcon_core/task/python/colcon_distutils_commands:/home/robot/minotaurobot_oleh_ws/install/shmove_pkg/lib/python3.12/site-packages:${PYTHONPATH} /usr/bin/python3 -W ignore:setup.py install is deprecated -W ignore:easy_install command is deprecated setup.py egg_info --egg-base ../../build/shmove_pkg build --build-base /home/robot/minotaurobot_oleh_ws/build/shmove_pkg/build install --record /home/robot/minotaurobot_oleh_ws/build/shmove_pkg/install.log --single-version-externally-managed install_data
