[5.420s] Invoking command in '/home/robot/hermann_ws/src/odometry_ir_reader': PYTHONPATH=/home/robot/hermann_ws/build/odometry_ir_reader/prefix_override:/usr/lib/python3/dist-packages/colcon_core/task/python/colcon_distutils_commands:/home/robot/hermann_ws/install/odometry_ir_reader/lib/python3.12/site-packages:${PYTHONPATH} /usr/bin/python3 -W ignore:setup.py install is deprecated -W ignore:easy_install command is deprecated setup.py egg_info --egg-base ../../build/odometry_ir_reader build --build-base /home/robot/hermann_ws/build/odometry_ir_reader/build install --record /home/robot/hermann_ws/build/odometry_ir_reader/install.log --single-version-externally-managed install_data
[6.880s] running egg_info
[6.985s] writing ../../build/odometry_ir_reader/odometry_ir_reader.egg-info/PKG-INFO
[6.987s] writing dependency_links to ../../build/odometry_ir_reader/odometry_ir_reader.egg-info/dependency_links.txt
[6.990s] writing entry points to ../../build/odometry_ir_reader/odometry_ir_reader.egg-info/entry_points.txt
[6.991s] writing requirements to ../../build/odometry_ir_reader/odometry_ir_reader.egg-info/requires.txt
[6.992s] writing top-level names to ../../build/odometry_ir_reader/odometry_ir_reader.egg-info/top_level.txt
[7.218s] reading manifest file '../../build/odometry_ir_reader/odometry_ir_reader.egg-info/SOURCES.txt'
[7.222s] writing manifest file '../../build/odometry_ir_reader/odometry_ir_reader.egg-info/SOURCES.txt'
[7.223s] running build
[7.224s] running build_py
[7.225s] copying odometry_ir_reader/odometry_ir_subscriber.py -> /home/robot/hermann_ws/build/odometry_ir_reader/build/lib/odometry_ir_reader
[7.226s] running install
[7.252s] running install_lib
[7.359s] copying /home/robot/hermann_ws/build/odometry_ir_reader/build/lib/odometry_ir_reader/odometry_ir_subscriber.py -> /home/robot/hermann_ws/install/odometry_ir_reader/lib/python3.12/site-packages/odometry_ir_reader
[7.363s] byte-compiling /home/robot/hermann_ws/install/odometry_ir_reader/lib/python3.12/site-packages/odometry_ir_reader/odometry_ir_subscriber.py to odometry_ir_subscriber.cpython-312.pyc
[7.367s] running install_data
[7.368s] running install_egg_info
[7.486s] removing '/home/robot/hermann_ws/install/odometry_ir_reader/lib/python3.12/site-packages/odometry_ir_reader-0.0.0-py3.12.egg-info' (and everything under it)
[7.490s] Copying ../../build/odometry_ir_reader/odometry_ir_reader.egg-info to /home/robot/hermann_ws/install/odometry_ir_reader/lib/python3.12/site-packages/odometry_ir_reader-0.0.0-py3.12.egg-info
[7.503s] running install_scripts
[8.308s] Installing odometry_ir_subscriber script to /home/robot/hermann_ws/install/odometry_ir_reader/lib/odometry_ir_reader
[8.310s] writing list of installed files to '/home/robot/hermann_ws/build/odometry_ir_reader/install.log'
[8.468s] Invoked command in '/home/robot/hermann_ws/src/odometry_ir_reader' returned '0': PYTHONPATH=/home/robot/hermann_ws/build/odometry_ir_reader/prefix_override:/usr/lib/python3/dist-packages/colcon_core/task/python/colcon_distutils_commands:/home/robot/hermann_ws/install/odometry_ir_reader/lib/python3.12/site-packages:${PYTHONPATH} /usr/bin/python3 -W ignore:setup.py install is deprecated -W ignore:easy_install command is deprecated setup.py egg_info --egg-base ../../build/odometry_ir_reader build --build-base /home/robot/hermann_ws/build/odometry_ir_reader/build install --record /home/robot/hermann_ws/build/odometry_ir_reader/install.log --single-version-externally-managed install_data
