[6.974s] Invoking command in '/home/robot/hermann_ws/src/odometry_ir_reader': PYTHONPATH=/home/robot/hermann_ws/build/odometry_ir_reader/prefix_override:/usr/lib/python3/dist-packages/colcon_core/task/python/colcon_distutils_commands:/home/robot/hermann_ws/install/odometry_ir_reader/lib/python3.12/site-packages:${PYTHONPATH} /usr/bin/python3 -W ignore:setup.py install is deprecated -W ignore:easy_install command is deprecated setup.py egg_info --egg-base ../../build/odometry_ir_reader build --build-base /home/robot/hermann_ws/build/odometry_ir_reader/build install --record /home/robot/hermann_ws/build/odometry_ir_reader/install.log --single-version-externally-managed install_data
[9.345s] running egg_info
[9.495s] writing ../../build/odometry_ir_reader/odometry_ir_reader.egg-info/PKG-INFO
[9.496s] writing dependency_links to ../../build/odometry_ir_reader/odometry_ir_reader.egg-info/dependency_links.txt
[9.503s] writing entry points to ../../build/odometry_ir_reader/odometry_ir_reader.egg-info/entry_points.txt
[9.505s] writing requirements to ../../build/odometry_ir_reader/odometry_ir_reader.egg-info/requires.txt
[9.506s] writing top-level names to ../../build/odometry_ir_reader/odometry_ir_reader.egg-info/top_level.txt
[9.818s] reading manifest file '../../build/odometry_ir_reader/odometry_ir_reader.egg-info/SOURCES.txt'
[9.829s] writing manifest file '../../build/odometry_ir_reader/odometry_ir_reader.egg-info/SOURCES.txt'
[9.830s] running build
[9.834s] running build_py
[9.835s] copying odometry_ir_reader/bumper_sensor_reader.py -> /home/robot/hermann_ws/build/odometry_ir_reader/build/lib/odometry_ir_reader
[9.835s] running install
[9.861s] running install_lib
[10.028s] copying /home/robot/hermann_ws/build/odometry_ir_reader/build/lib/odometry_ir_reader/bumper_sensor_reader.py -> /home/robot/hermann_ws/install/odometry_ir_reader/lib/python3.12/site-packages/odometry_ir_reader
[10.032s] byte-compiling /home/robot/hermann_ws/install/odometry_ir_reader/lib/python3.12/site-packages/odometry_ir_reader/bumper_sensor_reader.py to bumper_sensor_reader.cpython-312.pyc
[10.035s] running install_data
[10.036s] running install_egg_info
[10.037s]   File "/home/robot/hermann_ws/install/odometry_ir_reader/lib/python3.12/site-packages/odometry_ir_reader/bumper_sensor_reader.py", line 4
[10.037s]     from irobot_create_msgs.msg/HazardDetectionVector import HazardDetectionVector
[10.041s]                                ^
[10.042s] SyntaxError: invalid syntax
[10.043s] 
[10.259s] removing '/home/robot/hermann_ws/install/odometry_ir_reader/lib/python3.12/site-packages/odometry_ir_reader-0.0.0-py3.12.egg-info' (and everything under it)
[10.264s] Copying ../../build/odometry_ir_reader/odometry_ir_reader.egg-info to /home/robot/hermann_ws/install/odometry_ir_reader/lib/python3.12/site-packages/odometry_ir_reader-0.0.0-py3.12.egg-info
[10.281s] running install_scripts
[11.491s] Installing bumper_sensor_reader script to /home/robot/hermann_ws/install/odometry_ir_reader/lib/odometry_ir_reader
[11.498s] Installing odometry_ir_subscriber script to /home/robot/hermann_ws/install/odometry_ir_reader/lib/odometry_ir_reader
[11.503s] writing list of installed files to '/home/robot/hermann_ws/build/odometry_ir_reader/install.log'
[11.665s] Invoked command in '/home/robot/hermann_ws/src/odometry_ir_reader' returned '0': PYTHONPATH=/home/robot/hermann_ws/build/odometry_ir_reader/prefix_override:/usr/lib/python3/dist-packages/colcon_core/task/python/colcon_distutils_commands:/home/robot/hermann_ws/install/odometry_ir_reader/lib/python3.12/site-packages:${PYTHONPATH} /usr/bin/python3 -W ignore:setup.py install is deprecated -W ignore:easy_install command is deprecated setup.py egg_info --egg-base ../../build/odometry_ir_reader build --build-base /home/robot/hermann_ws/build/odometry_ir_reader/build install --record /home/robot/hermann_ws/build/odometry_ir_reader/install.log --single-version-externally-managed install_data
