[5.250s] Invoking command in '/home/robot/hermann_ws/src/odometry_ir_reader': PYTHONPATH=/home/robot/hermann_ws/build/odometry_ir_reader/prefix_override:/usr/lib/python3/dist-packages/colcon_core/task/python/colcon_distutils_commands:/home/robot/hermann_ws/install/odometry_ir_reader/lib/python3.12/site-packages:${PYTHONPATH} /usr/bin/python3 -W ignore:setup.py install is deprecated -W ignore:easy_install command is deprecated setup.py egg_info --egg-base ../../build/odometry_ir_reader build --build-base /home/robot/hermann_ws/build/odometry_ir_reader/build install --record /home/robot/hermann_ws/build/odometry_ir_reader/install.log --single-version-externally-managed install_data
[6.606s] running egg_info
[6.706s] writing ../../build/odometry_ir_reader/odometry_ir_reader.egg-info/PKG-INFO
[6.707s] writing dependency_links to ../../build/odometry_ir_reader/odometry_ir_reader.egg-info/dependency_links.txt
[6.710s] writing entry points to ../../build/odometry_ir_reader/odometry_ir_reader.egg-info/entry_points.txt
[6.711s] writing requirements to ../../build/odometry_ir_reader/odometry_ir_reader.egg-info/requires.txt
[6.712s] writing top-level names to ../../build/odometry_ir_reader/odometry_ir_reader.egg-info/top_level.txt
[6.917s] reading manifest file '../../build/odometry_ir_reader/odometry_ir_reader.egg-info/SOURCES.txt'
[6.921s] writing manifest file '../../build/odometry_ir_reader/odometry_ir_reader.egg-info/SOURCES.txt'
[6.922s] running build
[6.923s] running build_py
[6.923s] copying odometry_ir_reader/odometry_ir_subscriber.py -> /home/robot/hermann_ws/build/odometry_ir_reader/build/lib/odometry_ir_reader
[6.924s] running install
[6.949s] running install_lib
[7.048s] copying /home/robot/hermann_ws/build/odometry_ir_reader/build/lib/odometry_ir_reader/odometry_ir_subscriber.py -> /home/robot/hermann_ws/install/odometry_ir_reader/lib/python3.12/site-packages/odometry_ir_reader
[7.051s] byte-compiling /home/robot/hermann_ws/install/odometry_ir_reader/lib/python3.12/site-packages/odometry_ir_reader/odometry_ir_subscriber.py to odometry_ir_subscriber.cpython-312.pyc
[7.056s] running install_data
[7.057s] running install_egg_info
[7.163s] removing '/home/robot/hermann_ws/install/odometry_ir_reader/lib/python3.12/site-packages/odometry_ir_reader-0.0.0-py3.12.egg-info' (and everything under it)
[7.168s] Copying ../../build/odometry_ir_reader/odometry_ir_reader.egg-info to /home/robot/hermann_ws/install/odometry_ir_reader/lib/python3.12/site-packages/odometry_ir_reader-0.0.0-py3.12.egg-info
[7.181s] running install_scripts
[7.939s] Installing odometry_ir_subscriber script to /home/robot/hermann_ws/install/odometry_ir_reader/lib/odometry_ir_reader
[7.940s] writing list of installed files to '/home/robot/hermann_ws/build/odometry_ir_reader/install.log'
[8.081s] Invoked command in '/home/robot/hermann_ws/src/odometry_ir_reader' returned '0': PYTHONPATH=/home/robot/hermann_ws/build/odometry_ir_reader/prefix_override:/usr/lib/python3/dist-packages/colcon_core/task/python/colcon_distutils_commands:/home/robot/hermann_ws/install/odometry_ir_reader/lib/python3.12/site-packages:${PYTHONPATH} /usr/bin/python3 -W ignore:setup.py install is deprecated -W ignore:easy_install command is deprecated setup.py egg_info --egg-base ../../build/odometry_ir_reader build --build-base /home/robot/hermann_ws/build/odometry_ir_reader/build install --record /home/robot/hermann_ws/build/odometry_ir_reader/install.log --single-version-externally-managed install_data
